[2026-03-02T20:08:29.707526] DoE Comparison Log
Claim: C4 - Caparra confirmatoria e doppio della caparra
Domain: CIVILE
Replicate: R2
======================================================================

[SETUP A - Baseline (counter_causality=OFF)]
  Verdict:        uncertain
  Net final:      0.19295452650809009
  Net pro:        0.7375443266811031
  Net contra:     0.5445898001730131
  Pro links:      6
  Contra links:   3
  Pro cogency:    0.6140120876458127
  Pro semantics:  0.603262267669272
  Pro norm supp:  0.9309050502164443
  Counter gate:   OPPOSING_LIMITATIVE (abstain=False)
  Abstention type:       N/A
  Counter density:       0.5

[SETUP B - Treatment (counter_causality=ON)]
  Verdict:        plausible
  Net final:      0.2584153287725625
  Net pro:        0.7375443266811031
  Net contra:     0.47912899790854063
  Pro links:      6
  Contra links:   2
  Pro cogency:    0.6140120876458127
  Pro semantics:  0.603262267669272
  Pro norm supp:  0.9309050502164443
  Counter gate:   OPPOSING_LIMITATIVE (abstain=False)
  Abstention type:       N/A
  Counter density:    0.3333

[DELTA (B - A)]
  Delta net final:              0.065461
  Delta net pro:                0.0
  Delta net contra:             -0.065461
  Delta pro links:              0
  Delta contra links:           -1
  Delta pro cogency:            0.0
  Delta pro semantics:          0.0
  Delta pro norm support:       0.0
  Delta contra cogency:         -0.009217
  Delta contra semantics:       0.066091
  Delta contra norm support:    0.014583
  Delta confidence:             0.065461
  Verdict A:                    uncertain
  Verdict B:                    plausible
  Verdict changed:              True
  Delta counter density:        -0.1667
  Abstention type A:            None
  Abstention type B:            None