[2026-03-08T16:16:59.361987] DoE Comparison Log
Claim: A5 - Revoca per sopravvenuti motivi e indennizzo
Domain: AMMINISTRATIVO
Replicate: R2
======================================================================

[SETUP A - Baseline (counter_causality=OFF)]
  Verdict:        uncertain
  Net final:      0.19854612239417613
  Net pro:        0.6864357664619989
  Net contra:     0.48788964406782276
  Pro links:      2
  Contra links:   2
  Pro cogency:    0.6518851348374178
  Pro semantics:  0.7504602833778745
  Pro norm supp:  0.664330352493528
  Counter gate:   OPPOSING_STRONG (abstain=False)
  Abstention type:       N/A
  Counter density:       1.0

[SETUP B - Treatment (counter_causality=ON)]
  Verdict:        uncertain
  Net final:      0.192026135577061
  Net pro:        0.6864357664619989
  Net contra:     0.4944096308849379
  Pro links:      2
  Contra links:   3
  Pro cogency:    0.6518851348374178
  Pro semantics:  0.7504602833778745
  Pro norm supp:  0.664330352493528
  Counter gate:   OPPOSING_LIMITATIVE (abstain=False)
  Abstention type:       N/A
  Counter density:       1.5

[DELTA (B - A)]
  Delta net final:              -0.00652
  Delta net pro:                0.0
  Delta net contra:             0.00652
  Delta pro links:              0
  Delta contra links:           1
  Delta pro cogency:            0.0
  Delta pro semantics:          0.0
  Delta pro norm support:       0.0
  Delta contra cogency:         0.058024
  Delta contra semantics:       0.062583
  Delta contra norm support:    0.037282
  Delta confidence:             -0.00652
  Verdict A:                    uncertain
  Verdict B:                    uncertain
  Verdict changed:              False
  Delta counter density:        0.5
  Abstention type A:            None
  Abstention type B:            None