[2026-03-07T18:48:23.672061] DoE Comparison Log
Claim: A2 - Preavviso di rigetto e motivazione insufficiente
Domain: AMMINISTRATIVO
Replicate: R1
======================================================================

[SETUP A - Baseline (counter_causality=OFF)]
  Verdict:        plausible
  Net final:      0.4279131462584312
  Net pro:        0.7459975294829875
  Net contra:     0.3180843832245563
  Pro links:      5
  Contra links:   2
  Pro cogency:    0.6053793192270792
  Pro semantics:  0.6908346679384346
  Pro norm supp:  0.8928333333333333
  Counter gate:   OPPOSING_LIMITATIVE (abstain=False)
  Abstention type:       N/A
  Counter density:       0.4

[SETUP B - Treatment (counter_causality=ON)]
  Verdict:        plausible
  Net final:      0.30391321866252585
  Net pro:        0.7459975294829875
  Net contra:     0.4420843108204616
  Pro links:      5
  Contra links:   2
  Pro cogency:    0.6053793192270792
  Pro semantics:  0.6908346679384346
  Pro norm supp:  0.8928333333333333
  Counter gate:   OPPOSING_STRONG (abstain=False)
  Abstention type:       N/A
  Counter density:       0.4

[DELTA (B - A)]
  Delta net final:              -0.124
  Delta net pro:                0.0
  Delta net contra:             0.124
  Delta pro links:              0
  Delta contra links:           0
  Delta pro cogency:            0.0
  Delta pro semantics:          0.0
  Delta pro norm support:       0.0
  Delta contra cogency:         0.120232
  Delta contra semantics:       0.096976
  Delta contra norm support:    -0.077083
  Delta confidence:             -0.124
  Verdict A:                    plausible
  Verdict B:                    plausible
  Verdict changed:              False
  Delta counter density:        0.0
  Abstention type A:            None
  Abstention type B:            None