[2026-03-03T15:42:30.486978] DoE Comparison Log
Claim: C6 - Danno cagionato da animale in custodia
Domain: CIVILE
Replicate: R1
======================================================================

[SETUP A - Baseline (counter_causality=OFF)]
  Verdict:        plausible
  Net final:      0.3241391272799269
  Net pro:        0.7627487831877677
  Net contra:     0.43860965590784085
  Pro links:      5
  Contra links:   3
  Pro cogency:    0.6365959936120681
  Pro semantics:  0.7088090153376321
  Pro norm supp:  0.8978182012571443
  Counter gate:   OPPOSING_LIMITATIVE (abstain=False)
  Abstention type:       N/A
  Counter density:       0.6

[SETUP B - Treatment (counter_causality=ON)]
  Verdict:        plausible
  Net final:      0.4041609866182059
  Net pro:        0.7627487831877677
  Net contra:     0.35858779656956186
  Pro links:      5
  Contra links:   2
  Pro cogency:    0.6365959936120681
  Pro semantics:  0.7088090153376321
  Pro norm supp:  0.8978182012571443
  Counter gate:   OPPOSING_STRONG (abstain=False)
  Abstention type:       N/A
  Counter density:       0.4

[DELTA (B - A)]
  Delta net final:              0.080022
  Delta net pro:                0.0
  Delta net contra:             -0.080022
  Delta pro links:              0
  Delta contra links:           -1
  Delta pro cogency:            0.0
  Delta pro semantics:          0.0
  Delta pro norm support:       0.0
  Delta contra cogency:         -0.031226
  Delta contra semantics:       -0.033857
  Delta contra norm support:    -0.007792
  Delta confidence:             0.080022
  Verdict A:                    plausible
  Verdict B:                    plausible
  Verdict changed:              False
  Delta counter density:        -0.2
  Abstention type A:            None
  Abstention type B:            None