[2026-03-06T17:21:55.644691] DoE Comparison Log
Claim: M2 - Amministratore di condominio: distrazione fondi e responsabilita risarcitoria
Domain: MIXED
Replicate: R3
======================================================================

[SETUP A - Baseline (counter_causality=OFF)]
  Verdict:        plausible
  Net final:      0.4162038247343226
  Net pro:        0.8230789915463468
  Net contra:     0.4068751668120242
  Pro links:      8
  Contra links:   2
  Pro cogency:    0.6570631530724257
  Pro semantics:  0.8062385526967953
  Pro norm supp:  0.9602211995389511
  Counter gate:   OPPOSING_LIMITATIVE (abstain=False)
  Abstention type:       N/A
  Counter density:      0.25

[SETUP B - Treatment (counter_causality=ON)]
  Verdict:        plausible
  Net final:      0.44435465700946636
  Net pro:        0.8230789915463468
  Net contra:     0.3787243345368804
  Pro links:      8
  Contra links:   3
  Pro cogency:    0.6570631530724257
  Pro semantics:  0.8062385526967953
  Pro norm supp:  0.9602211995389511
  Counter gate:   OPPOSING_LIMITATIVE (abstain=False)
  Abstention type:       N/A
  Counter density:     0.375

[DELTA (B - A)]
  Delta net final:              0.028151
  Delta net pro:                0.0
  Delta net contra:             -0.028151
  Delta pro links:              0
  Delta contra links:           1
  Delta pro cogency:            0.0
  Delta pro semantics:          0.0
  Delta pro norm support:       0.0
  Delta contra cogency:         0.07857
  Delta contra semantics:       0.085326
  Delta contra norm support:    0.085151
  Delta confidence:             0.028151
  Verdict A:                    plausible
  Verdict B:                    plausible
  Verdict changed:              False
  Delta counter density:        0.125
  Abstention type A:            None
  Abstention type B:            None