[2026-03-07T20:59:33.519500] DoE Comparison Log
Claim: A3 - Ritardo procedimentale e conseguenze patrimoniali
Domain: AMMINISTRATIVO
Replicate: R1
======================================================================

[SETUP A - Baseline (counter_causality=OFF)]
  Verdict:        plausible
  Net final:      0.398678104094331
  Net pro:        0.7672477039903495
  Net contra:     0.36856959989601845
  Pro links:      7
  Contra links:   4
  Pro cogency:    0.642829209112025
  Pro semantics:  0.7134273134004203
  Pro norm supp:  0.90092686809154
  Counter gate:   OPPOSING_LIMITATIVE (abstain=False)
  Abstention type:       N/A
  Counter density:    0.5714

[SETUP B - Treatment (counter_causality=ON)]
  Verdict:        plausible
  Net final:      0.44700912145096255
  Net pro:        0.7672477039903495
  Net contra:     0.3202385825393869
  Pro links:      7
  Contra links:   2
  Pro cogency:    0.642829209112025
  Pro semantics:  0.7134273134004203
  Pro norm supp:  0.90092686809154
  Counter gate:   OPPOSING_STRONG (abstain=False)
  Abstention type:       N/A
  Counter density:    0.2857

[DELTA (B - A)]
  Delta net final:              0.048331
  Delta net pro:                0.0
  Delta net contra:             -0.048331
  Delta pro links:              0
  Delta contra links:           -2
  Delta pro cogency:            0.0
  Delta pro semantics:          0.0
  Delta pro norm support:       0.0
  Delta contra cogency:         0.004175
  Delta contra semantics:       -0.002238
  Delta contra norm support:    -0.027917
  Delta confidence:             0.048331
  Verdict A:                    plausible
  Verdict B:                    plausible
  Verdict changed:              False
  Delta counter density:        -0.2857
  Abstention type A:            None
  Abstention type B:            None