[2026-03-04T16:00:51.247992] DoE Comparison Log
Claim: P3 - Violenza privata vs esercizio arbitrario delle proprie ragioni
Domain: PENALE
Replicate: R1
======================================================================

[SETUP A - Baseline (counter_causality=OFF)]
  Verdict:        plausible
  Net final:      0.30620622256615765
  Net pro:        0.7452680893293594
  Net contra:     0.43906186676320175
  Pro links:      8
  Contra links:   2
  Pro cogency:    0.6118947553198508
  Pro semantics:  0.6633639613421984
  Pro norm supp:  0.9067261858268614
  Counter gate:   OPPOSING_LIMITATIVE (abstain=False)
  Abstention type:       N/A
  Counter density:      0.25

[SETUP B - Treatment (counter_causality=ON)]
  Verdict:        plausible
  Net final:      0.298818940712215
  Net pro:        0.7452832139195574
  Net contra:     0.44646427320734244
  Pro links:      8
  Contra links:   2
  Pro cogency:    0.6119640018408696
  Pro semantics:  0.6633451301218403
  Pro norm supp:  0.9067261858268614
  Counter gate:   OPPOSING_LIMITATIVE (abstain=False)
  Abstention type:       N/A
  Counter density:      0.25

[DELTA (B - A)]
  Delta net final:              -0.007387
  Delta net pro:                1.5e-05
  Delta net contra:             0.007402
  Delta pro links:              0
  Delta contra links:           0
  Delta pro cogency:            6.9e-05
  Delta pro semantics:          -1.9e-05
  Delta pro norm support:       0.0
  Delta contra cogency:         -0.037962
  Delta contra semantics:       -0.029494
  Delta contra norm support:    0.0
  Delta confidence:             -0.007387
  Verdict A:                    plausible
  Verdict B:                    plausible
  Verdict changed:              False
  Delta counter density:        0.0
  Abstention type A:            None
  Abstention type B:            None