[2026-03-06T16:41:07.835303] Pipeline log - Setup B
Claim: L'amministratore di condominio usa somme versate dai condomini per spese personali, ritardando pagamenti ai fornitori e generando interessi di mora. Alcuni pagamenti risultano girati su conto non dedi
======================================================================
Status: ok
Duration: 1023.73s

[SETTINGS]
{
  "counter_model": "gpt_oss_120b",
  "counter_temperature": 0.3,
  "llm_max_tokens": 8192,
  "counter_enable_causality": true,
  "counter_pass_causal_identity": true,
  "counter_pass_taxonomy_attacks": true,
  "counter_pass_norms": true
}

[REASONER]
  Chain steps: 7
  Arguments: 1
  Causal type: MIXED_PEN_CIV_CONCURRENCE

[COUNTER]
  Chain steps: 5
  Arguments: 1
  Abstained: False
  Planning mode: N/A

[EVALUATION]
  Verdict: plausible
  Net pro: 0.7840657741589491
  Net contra: 0.5310535628541438
  Net final: 0.2530122113048052
  Counter gate: label=OPPOSING_LIMITATIVE, abstain=False