[2026-03-02T21:23:06.404281] DoE Comparison Log
Claim: C5 - Clausola penale e riduzione equitativa
Domain: CIVILE
Replicate: R1
======================================================================

[SETUP A - Baseline (counter_causality=OFF)]
  Verdict:        plausible
  Net final:      0.5105717149751396
  Net pro:        0.7862306913884318
  Net contra:     0.27565897641329223
  Pro links:      5
  Contra links:   3
  Pro cogency:    0.6488277598275838
  Pro semantics:  0.7156793141442107
  Pro norm supp:  0.9421964229922336
  Counter gate:   OPPOSING_LIMITATIVE (abstain=False)
  Abstention type:       N/A
  Counter density:       0.6

[SETUP B - Treatment (counter_causality=ON)]
  Verdict:        plausible
  Net final:      0.4051463598911522
  Net pro:        0.7862306913884318
  Net contra:     0.3810843314972796
  Pro links:      5
  Contra links:   3
  Pro cogency:    0.6488277598275838
  Pro semantics:  0.7156793141442107
  Pro norm supp:  0.9421964229922336
  Counter gate:   OPPOSING_STRONG (abstain=False)
  Abstention type:       N/A
  Counter density:       0.6

[DELTA (B - A)]
  Delta net final:              -0.105425
  Delta net pro:                0.0
  Delta net contra:             0.105425
  Delta pro links:              0
  Delta contra links:           0
  Delta pro cogency:            0.0
  Delta pro semantics:          0.0
  Delta pro norm support:       0.0
  Delta contra cogency:         -0.046608
  Delta contra semantics:       0.032995
  Delta contra norm support:    0.041851
  Delta confidence:             -0.105425
  Verdict A:                    plausible
  Verdict B:                    plausible
  Verdict changed:              False
  Delta counter density:        0.0
  Abstention type A:            None
  Abstention type B:            None