[2026-03-08T12:04:56.729365] DoE Comparison Log
Claim: A4 - Annullamento d'ufficio tardivo e affidamento
Domain: AMMINISTRATIVO
Replicate: R2
======================================================================

[SETUP A - Baseline (counter_causality=OFF)]
  Verdict:        plausible
  Net final:      0.44489879243665037
  Net pro:        0.7738343100368296
  Net contra:     0.3289355176001792
  Pro links:      4
  Contra links:   2
  Pro cogency:    0.6475974569475608
  Pro semantics:  0.7269097731838337
  Pro norm supp:  0.903705352493528
  Counter gate:   OPPOSING_STRONG (abstain=False)
  Abstention type:       N/A
  Counter density:       0.5

[SETUP B - Treatment (counter_causality=ON)]
  Verdict:        plausible
  Net final:      0.5544461577465711
  Net pro:        0.7738343100368296
  Net contra:     0.21938815229025838
  Pro links:      4
  Contra links:   2
  Pro cogency:    0.6475974569475608
  Pro semantics:  0.7269097731838337
  Pro norm supp:  0.903705352493528
  Counter gate:   OPPOSING_LIMITATIVE (abstain=False)
  Abstention type:       N/A
  Counter density:       0.5

[DELTA (B - A)]
  Delta net final:              0.109547
  Delta net pro:                0.0
  Delta net contra:             -0.109547
  Delta pro links:              0
  Delta contra links:           0
  Delta pro cogency:            0.0
  Delta pro semantics:          0.0
  Delta pro norm support:       0.0
  Delta contra cogency:         0.012764
  Delta contra semantics:       -0.038045
  Delta contra norm support:    0.078907
  Delta confidence:             0.109547
  Verdict A:                    plausible
  Verdict B:                    plausible
  Verdict changed:              False
  Delta counter density:        0.0
  Abstention type A:            None
  Abstention type B:            None