[2026-03-08T15:17:59.805692] Pipeline log - Setup B
Claim: Un ente revoca un precedente atto favorevole per sopravvenuta riorganizzazione del servizio, imponendo cessazione immediata dell'attivita autorizzata. Il destinatario aveva gia sostenuto investimenti 
======================================================================
Status: ok
Duration: 1755.19s

[SETTINGS]
{
  "counter_model": "gpt_oss_120b",
  "counter_temperature": 0.3,
  "llm_max_tokens": 8192,
  "counter_enable_causality": true,
  "counter_pass_causal_identity": true,
  "counter_pass_taxonomy_attacks": true,
  "counter_pass_norms": true
}

[REASONER]
  Chain steps: 5
  Arguments: 1
  Causal type: PEN_FACTUAL

[COUNTER]
  Chain steps: 3
  Arguments: 1
  Abstained: False
  Planning mode: N/A

[EVALUATION]
  Verdict: uncertain
  Net pro: 0.730129759283001
  Net contra: 0.5565136834975986
  Net final: 0.1736160757854024
  Counter gate: label=OPPOSING_STRONG, abstain=False