[2026-03-08T16:16:59.358973] Pipeline log - Setup B
Claim: Un ente revoca un precedente atto favorevole per sopravvenuta riorganizzazione del servizio, imponendo cessazione immediata dell'attivita autorizzata. Il destinatario aveva gia sostenuto investimenti 
======================================================================
Status: ok
Duration: 1164.67s

[SETTINGS]
{
  "counter_model": "gpt_oss_120b",
  "counter_temperature": 0.3,
  "llm_max_tokens": 8192,
  "counter_enable_causality": true,
  "counter_pass_causal_identity": true,
  "counter_pass_taxonomy_attacks": true,
  "counter_pass_norms": true
}

[REASONER]
  Chain steps: 3
  Arguments: 1
  Causal type: AMM_AUTOTUTELA_BALANCE

[COUNTER]
  Chain steps: 4
  Arguments: 1
  Abstained: False
  Planning mode: N/A

[EVALUATION]
  Verdict: uncertain
  Net pro: 0.6864357664619989
  Net contra: 0.4944096308849379
  Net final: 0.192026135577061
  Counter gate: label=OPPOSING_LIMITATIVE, abstain=False