[2026-03-04T18:05:24.870314] Pipeline log - Setup B
Claim: Dopo 7 mesi di morosita del conduttore, il proprietario entra nell'immobile con chiavi in suo possesso durante assenza dell'inquilino, sostituisce la serratura e trasferisce i beni mobili in un box. L
======================================================================
Status: ok
Duration: 2097.86s

[SETTINGS]
{
  "counter_model": "gpt_oss_120b",
  "counter_temperature": 0.3,
  "llm_max_tokens": 8192,
  "counter_enable_causality": true,
  "counter_pass_causal_identity": true,
  "counter_pass_taxonomy_attacks": true,
  "counter_pass_norms": true
}

[REASONER]
  Chain steps: 6
  Arguments: 1
  Causal type: PEN_RIGHTS_BALANCING

[COUNTER]
  Chain steps: 5
  Arguments: 1
  Abstained: False
  Planning mode: N/A

[EVALUATION]
  Verdict: plausible
  Net pro: 0.7088400598822442
  Net contra: 0.44925772219778537
  Net final: 0.2595823376844588
  Counter gate: label=OPPOSING_LIMITATIVE, abstain=False