[2026-03-07T20:03:20.762135] DoE Comparison Log
Claim: A2 - Preavviso di rigetto e motivazione insufficiente
Domain: AMMINISTRATIVO
Replicate: R3
======================================================================

[SETUP A - Baseline (counter_causality=OFF)]
  Verdict:        plausible
  Net final:      0.7562444792613092
  Net pro:        0.7562444792613092
  Net contra:     0.0
  Pro links:      5
  Contra links:   0
  Pro cogency:    0.6028010964612227
  Pro semantics:  0.6974582788542527
  Pro norm supp:  0.9154166666666667
  Counter gate:   ALREADY_ABSTAINED (abstain=True)
  Abstention type:  reasoned
  Counter density:       0.0

[SETUP B - Treatment (counter_causality=ON)]
  Verdict:        plausible
  Net final:      0.7869708688565364
  Net pro:        0.7869708688565364
  Net contra:     0.0
  Pro links:      4
  Contra links:   0
  Pro cogency:    0.6108450852344642
  Pro semantics:  0.7369744776206573
  Pro norm supp:  0.9565625
  Counter gate:   ALREADY_ABSTAINED (abstain=True)
  Abstention type:  reasoned
  Counter density:       0.0

[DELTA (B - A)]
  Delta net final:              0.030726
  Delta net pro:                0.030726
  Delta net contra:             0.0
  Delta pro links:              -1
  Delta contra links:           0
  Delta pro cogency:            0.008044
  Delta pro semantics:          0.039516
  Delta pro norm support:       0.041146
  Delta contra cogency:         0.0
  Delta contra semantics:       0.0
  Delta contra norm support:    0.0
  Delta confidence:             0.030726
  Verdict A:                    plausible
  Verdict B:                    plausible
  Verdict changed:              False
  Delta counter density:        0.0
  Abstention type A:            reasoned
  Abstention type B:            reasoned