[2026-03-06T20:17:44.227734] Pipeline log - Setup B
Claim: Un mediatore immobiliare riceve dal promissario acquirente una somma da trasferire al venditore a titolo di acconto, ma la trattiene per esigenze personali e comunica falsamente che il pagamento e' av
======================================================================
Status: ok
Duration: 1276.08s

[SETTINGS]
{
  "counter_model": "gpt_oss_120b",
  "counter_temperature": 0.3,
  "llm_max_tokens": 8192,
  "counter_enable_causality": true,
  "counter_pass_causal_identity": true,
  "counter_pass_taxonomy_attacks": true,
  "counter_pass_norms": true
}

[REASONER]
  Chain steps: 4
  Arguments: 1
  Causal type: PEN_PROPERTY_QUALIFICATION

[COUNTER]
  Chain steps: 4
  Arguments: 1
  Abstained: False
  Planning mode: N/A

[EVALUATION]
  Verdict: plausible
  Net pro: 0.7726191291208508
  Net contra: 0.4144358585525851
  Net final: 0.35818327056826577
  Counter gate: label=OPPOSING_STRONG, abstain=False