[2026-03-03T16:25:45.112933] Pipeline log - Setup B
Claim: Un cane di grossa taglia esce dal giardino per cancello rimasto aperto e aggredisce un ciclista, che riporta fratture e danni alla bicicletta. Il proprietario afferma che il cancello sia stato lasciat
======================================================================
Status: ok
Duration: 745.84s

[SETTINGS]
{
  "counter_model": "gpt_oss_120b",
  "counter_temperature": 0.3,
  "llm_max_tokens": 8192,
  "counter_enable_causality": true,
  "counter_pass_causal_identity": true,
  "counter_pass_taxonomy_attacks": true,
  "counter_pass_norms": true
}

[REASONER]
  Chain steps: 8
  Arguments: 1
  Causal type: CIV_CUSTODY_DAMAGE

[COUNTER]
  Chain steps: 5
  Arguments: 1
  Abstained: False
  Planning mode: N/A

[EVALUATION]
  Verdict: plausible
  Net pro: 0.7392636861475487
  Net contra: 0.49528724901709603
  Net final: 0.24397643713045264
  Counter gate: label=OPPOSING_LIMITATIVE, abstain=False