[2026-03-06T19:34:05.156248] DoE Comparison Log
Claim: M3 - Mediatore che trattiene somme ricevute per conto del cliente
Domain: MIXED
Replicate: R2
======================================================================

[SETUP A - Baseline (counter_causality=OFF)]
  Verdict:        plausible
  Net final:      0.583499764305619
  Net pro:        0.776158905702127
  Net contra:     0.192659141396508
  Pro links:      7
  Contra links:   5
  Pro cogency:    0.6134283319955637
  Pro semantics:  0.7384479629546377
  Pro norm supp:  0.9264900430426665
  Counter gate:   OPPOSING_LIMITATIVE (abstain=False)
  Abstention type:       N/A
  Counter density:    0.7143

[SETUP B - Treatment (counter_causality=ON)]
  Verdict:        plausible
  Net final:      0.44206074210315804
  Net pro:        0.776158905702127
  Net contra:     0.33409816359896893
  Pro links:      7
  Contra links:   2
  Pro cogency:    0.6134283319955637
  Pro semantics:  0.7384479629546377
  Pro norm supp:  0.9264900430426665
  Counter gate:   OPPOSING_LIMITATIVE (abstain=False)
  Abstention type:       N/A
  Counter density:    0.2857

[DELTA (B - A)]
  Delta net final:              -0.141439
  Delta net pro:                0.0
  Delta net contra:             0.141439
  Delta pro links:              0
  Delta contra links:           -3
  Delta pro cogency:            0.0
  Delta pro semantics:          0.0
  Delta pro norm support:       0.0
  Delta contra cogency:         0.017135
  Delta contra semantics:       0.124133
  Delta contra norm support:    0.118512
  Delta confidence:             -0.141439
  Verdict A:                    plausible
  Verdict B:                    plausible
  Verdict changed:              False
  Delta counter density:        -0.4286
  Abstention type A:            None
  Abstention type B:            None