[2026-03-07T19:25:01.809656] Pipeline log - Setup B
Claim: Un'impresa presenta istanza per contributo pubblico con documentazione completa e cronologia PEC regolare. L'amministrazione rigetta con formula generica ("carenza requisiti") senza preavviso di riget
======================================================================
Status: ok
Duration: 507.79s

[SETTINGS]
{
  "counter_model": "gpt_oss_120b",
  "counter_temperature": 0.3,
  "llm_max_tokens": 8192,
  "counter_enable_causality": true,
  "counter_pass_causal_identity": true,
  "counter_pass_taxonomy_attacks": true,
  "counter_pass_norms": true
}

[REASONER]
  Chain steps: 4
  Arguments: 1
  Causal type: AMM_PROCEDURAL_LEGITIMACY

[COUNTER]
  Chain steps: 3
  Arguments: 1
  Abstained: False
  Planning mode: N/A

[EVALUATION]
  Verdict: uncertain
  Net pro: 0.7916483527647745
  Net contra: 0.5964001349319898
  Net final: 0.19524821783278468
  Counter gate: label=OPPOSING_STRONG, abstain=False