[2026-03-04T20:24:09.819933] Pipeline log - Setup B
Claim: Un ex dipendente pubblica su un social network un post con accuse dettagliate verso l'ex datore (evasione fiscale, sfruttamento, mobbing), ottenendo ampia diffusione e ricondivisioni. Il datore propon
======================================================================
Status: ok
Duration: 1079.28s

[SETTINGS]
{
  "counter_model": "gpt_oss_120b",
  "counter_temperature": 0.3,
  "llm_max_tokens": 8192,
  "counter_enable_causality": true,
  "counter_pass_causal_identity": true,
  "counter_pass_taxonomy_attacks": true,
  "counter_pass_norms": true
}

[REASONER]
  Chain steps: 9
  Arguments: 1
  Causal type: PEN_RIGHTS_BALANCING

[COUNTER]
  Chain steps: 4
  Arguments: 1
  Abstained: False
  Planning mode: N/A

[EVALUATION]
  Verdict: plausible
  Net pro: 0.7342815970063423
  Net contra: 0.44482052560127017
  Net final: 0.28946107140507216
  Counter gate: label=OPPOSING_LIMITATIVE, abstain=False