[2026-03-04T20:24:09.821932] DoE Comparison Log
Claim: P4 - Diffamazione aggravata via social
Domain: PENALE
Replicate: R3
======================================================================

[SETUP A - Baseline (counter_causality=OFF)]
  Verdict:        plausible
  Net final:      0.2501826755163534
  Net pro:        0.7342815970063423
  Net contra:     0.4840989214899889
  Pro links:      7
  Contra links:   4
  Pro cogency:    0.5745340847053063
  Pro semantics:  0.6187035622113274
  Pro norm supp:  0.9407757573283808
  Counter gate:   OPPOSING_LIMITATIVE (abstain=False)
  Abstention type:       N/A
  Counter density:    0.5714

[SETUP B - Treatment (counter_causality=ON)]
  Verdict:        plausible
  Net final:      0.28946107140507216
  Net pro:        0.7342815970063423
  Net contra:     0.44482052560127017
  Pro links:      7
  Contra links:   2
  Pro cogency:    0.5745340847053063
  Pro semantics:  0.6187035622113274
  Pro norm supp:  0.9407757573283808
  Counter gate:   OPPOSING_LIMITATIVE (abstain=False)
  Abstention type:       N/A
  Counter density:    0.2857

[DELTA (B - A)]
  Delta net final:              0.039278
  Delta net pro:                0.0
  Delta net contra:             -0.039278
  Delta pro links:              0
  Delta contra links:           -2
  Delta pro cogency:            0.0
  Delta pro semantics:          0.0
  Delta pro norm support:       0.0
  Delta contra cogency:         0.000875
  Delta contra semantics:       -0.096246
  Delta contra norm support:    0.091213
  Delta confidence:             0.039278
  Verdict A:                    plausible
  Verdict B:                    plausible
  Verdict changed:              False
  Delta counter density:        -0.2857
  Abstention type A:            None
  Abstention type B:            None