[2026-03-07T20:59:33.518981] Pipeline log - Setup B
Claim: Un professionista presenta domanda autorizzativa; il termine procedimentale scade senza provvedimento espresso ne comunicazioni utili. Il richiedente invia tre solleciti formali e documenta perdita di
======================================================================
Status: ok
Duration: 1016.74s

[SETTINGS]
{
  "counter_model": "gpt_oss_120b",
  "counter_temperature": 0.3,
  "llm_max_tokens": 8192,
  "counter_enable_causality": true,
  "counter_pass_causal_identity": true,
  "counter_pass_taxonomy_attacks": true,
  "counter_pass_norms": true
}

[REASONER]
  Chain steps: 8
  Arguments: 1
  Causal type: AMM_DELAY_REMEDIES

[COUNTER]
  Chain steps: 3
  Arguments: 1
  Abstained: False
  Planning mode: N/A

[EVALUATION]
  Verdict: plausible
  Net pro: 0.7672477039903495
  Net contra: 0.3202385825393869
  Net final: 0.44700912145096255
  Counter gate: label=OPPOSING_STRONG, abstain=False