[2026-03-07T20:03:20.757469] Pipeline log - Setup B
Claim: Un'impresa presenta istanza per contributo pubblico con documentazione completa e cronologia PEC regolare. L'amministrazione rigetta con formula generica ("carenza requisiti") senza preavviso di riget
======================================================================
Status: ok
Duration: 710.38s

[SETTINGS]
{
  "counter_model": "gpt_oss_120b",
  "counter_temperature": 0.3,
  "llm_max_tokens": 8192,
  "counter_enable_causality": true,
  "counter_pass_causal_identity": true,
  "counter_pass_taxonomy_attacks": true,
  "counter_pass_norms": true
}

[REASONER]
  Chain steps: 6
  Arguments: 1
  Causal type: AMM_PROCEDURAL_LEGITIMACY

[COUNTER]
  Chain steps: 0
  Arguments: 0
  Abstained: True
  Planning mode: N/A

[EVALUATION]
  Verdict: plausible
  Net pro: 0.7869708688565364
  Net contra: 0.0
  Net final: 0.7869708688565364
  Counter gate: label=ALREADY_ABSTAINED, abstain=True