[2026-03-07T17:29:08.387127] Pipeline log - Setup B
Claim: Un Comune avvia revoca di autorizzazione commerciale senza comunicazione di avvio al destinatario. Il privato afferma che avrebbe prodotto documenti decisivi su fatti tecnici controversi (verbali, cer
======================================================================
Status: ok
Duration: 803.75s

[SETTINGS]
{
  "counter_model": "gpt_oss_120b",
  "counter_temperature": 0.3,
  "llm_max_tokens": 8192,
  "counter_enable_causality": true,
  "counter_pass_causal_identity": true,
  "counter_pass_taxonomy_attacks": true,
  "counter_pass_norms": true
}

[REASONER]
  Chain steps: 8
  Arguments: 1
  Causal type: AMM_AUTOTUTELA_BALANCE

[COUNTER]
  Chain steps: 0
  Arguments: 0
  Abstained: True
  Planning mode: N/A

[EVALUATION]
  Verdict: plausible
  Net pro: 0.7577429537891759
  Net contra: 0.0
  Net final: 0.7577429537891759
  Counter gate: label=ALREADY_ABSTAINED, abstain=True