[2026-03-05T17:21:07.475469] DoE Comparison Log
Claim: P6 - Lesioni colpose in cantiere e cooperazione nel delitto colposo
Domain: PENALE
Replicate: R3
======================================================================

[SETUP A - Baseline (counter_causality=OFF)]
  Verdict:        plausible
  Net final:      0.28632681823825373
  Net pro:        0.7044175839873333
  Net contra:     0.4180907657490796
  Pro links:      3
  Contra links:   2
  Pro cogency:    0.6058657617383323
  Pro semantics:  0.5931127176422608
  Pro norm supp:  0.8618101004328885
  Counter gate:   OPPOSING_LIMITATIVE (abstain=False)
  Abstention type:       N/A
  Counter density:    0.6667

[SETUP B - Treatment (counter_causality=ON)]
  Verdict:        uncertain
  Net final:      0.16436683165076893
  Net pro:        0.7044175839873333
  Net contra:     0.5400507523365644
  Pro links:      3
  Contra links:   2
  Pro cogency:    0.6058657617383323
  Pro semantics:  0.5931127176422608
  Pro norm supp:  0.8618101004328885
  Counter gate:   OPPOSING_LIMITATIVE (abstain=False)
  Abstention type:       N/A
  Counter density:    0.6667

[DELTA (B - A)]
  Delta net final:              -0.12196
  Delta net pro:                0.0
  Delta net contra:             0.12196
  Delta pro links:              0
  Delta contra links:           0
  Delta pro cogency:            0.0
  Delta pro semantics:          0.0
  Delta pro norm support:       0.0
  Delta contra cogency:         0.044041
  Delta contra semantics:       0.12621
  Delta contra norm support:    0.04817
  Delta confidence:             -0.12196
  Verdict A:                    plausible
  Verdict B:                    uncertain
  Verdict changed:              True
  Delta counter density:        0.0
  Abstention type A:            None
  Abstention type B:            None