[2026-03-06T15:08:57.503892] DoE Comparison Log
Claim: M1 - Truffa contrattuale e rimedi civili
Domain: MIXED
Replicate: R3
======================================================================

[SETUP A - Baseline (counter_causality=OFF)]
  Verdict:        uncertain
  Net final:      0.13905697124011906
  Net pro:        0.7471492777989265
  Net contra:     0.6080923065588074
  Pro links:      6
  Contra links:   2
  Pro cogency:    0.591473703564672
  Pro semantics:  0.6299167524403789
  Pro norm supp:  0.951830352493528
  Counter gate:   OPPOSING_LIMITATIVE (abstain=False)
  Abstention type:       N/A
  Counter density:    0.3333

[SETUP B - Treatment (counter_causality=ON)]
  Verdict:        plausible
  Net final:      0.21723543783890142
  Net pro:        0.7471492777989265
  Net contra:     0.5299138399600251
  Pro links:      6
  Contra links:   4
  Pro cogency:    0.591473703564672
  Pro semantics:  0.6299167524403789
  Pro norm supp:  0.951830352493528
  Counter gate:   OPPOSING_LIMITATIVE (abstain=False)
  Abstention type:       N/A
  Counter density:    0.6667

[DELTA (B - A)]
  Delta net final:              0.078178
  Delta net pro:                0.0
  Delta net contra:             -0.078178
  Delta pro links:              0
  Delta contra links:           2
  Delta pro cogency:            0.0
  Delta pro semantics:          0.0
  Delta pro norm support:       0.0
  Delta contra cogency:         0.003235
  Delta contra semantics:       0.024308
  Delta contra norm support:    -0.024085
  Delta confidence:             0.078178
  Verdict A:                    uncertain
  Verdict B:                    plausible
  Verdict changed:              True
  Delta counter density:        0.3334
  Abstention type A:            None
  Abstention type B:            None