[2026-03-07T18:04:29.991287] DoE Comparison Log
Claim: A1 - Omissione comunicazione di avvio e partecipazione procedimentale
Domain: AMMINISTRATIVO
Replicate: R3
======================================================================

[SETUP A - Baseline (counter_causality=OFF)]
  Verdict:        plausible
  Net final:      0.3551303603895374
  Net pro:        0.7636767489747555
  Net contra:     0.4085463885852181
  Pro links:      6
  Contra links:   2
  Pro cogency:    0.6053809820440482
  Pro semantics:  0.6859687652820873
  Pro norm supp:  0.9406795619422871
  Counter gate:   OPPOSING_STRONG (abstain=False)
  Abstention type:       N/A
  Counter density:    0.3333

[SETUP B - Treatment (counter_causality=ON)]
  Verdict:        plausible
  Net final:      0.3999326762673605
  Net pro:        0.7636767489747555
  Net contra:     0.36374407270739495
  Pro links:      6
  Contra links:   3
  Pro cogency:    0.6053809820440482
  Pro semantics:  0.6859687652820873
  Pro norm supp:  0.9406795619422871
  Counter gate:   OPPOSING_STRONG (abstain=False)
  Abstention type:       N/A
  Counter density:       0.5

[DELTA (B - A)]
  Delta net final:              0.044802
  Delta net pro:                0.0
  Delta net contra:             -0.044802
  Delta pro links:              0
  Delta contra links:           1
  Delta pro cogency:            0.0
  Delta pro semantics:          0.0
  Delta pro norm support:       0.0
  Delta contra cogency:         0.002858
  Delta contra semantics:       -0.031696
  Delta contra norm support:    -6.9e-05
  Delta confidence:             0.044802
  Verdict A:                    plausible
  Verdict B:                    plausible
  Verdict changed:              False
  Delta counter density:        0.1667
  Abstention type A:            None
  Abstention type B:            None