[2026-03-03T16:25:45.115278] DoE Comparison Log
Claim: C6 - Danno cagionato da animale in custodia
Domain: CIVILE
Replicate: R2
======================================================================

[SETUP A - Baseline (counter_causality=OFF)]
  Verdict:        plausible
  Net final:      0.36422257957564724
  Net pro:        0.7392636861475487
  Net contra:     0.37504110657190143
  Pro links:      6
  Contra links:   4
  Pro cogency:    0.5953634587070361
  Pro semantics:  0.6704595592797314
  Pro norm supp:  0.8987919518787962
  Counter gate:   OPPOSING_LIMITATIVE (abstain=False)
  Abstention type:       N/A
  Counter density:    0.6667

[SETUP B - Treatment (counter_causality=ON)]
  Verdict:        plausible
  Net final:      0.24397643713045264
  Net pro:        0.7392636861475487
  Net contra:     0.49528724901709603
  Pro links:      6
  Contra links:   3
  Pro cogency:    0.5953634587070361
  Pro semantics:  0.6704595592797314
  Pro norm supp:  0.8987919518787962
  Counter gate:   OPPOSING_LIMITATIVE (abstain=False)
  Abstention type:       N/A
  Counter density:       0.5

[DELTA (B - A)]
  Delta net final:              -0.120246
  Delta net pro:                0.0
  Delta net contra:             0.120246
  Delta pro links:              0
  Delta contra links:           -1
  Delta pro cogency:            0.0
  Delta pro semantics:          0.0
  Delta pro norm support:       0.0
  Delta contra cogency:         -0.008851
  Delta contra semantics:       0.028964
  Delta contra norm support:    -0.04817
  Delta confidence:             -0.120246
  Verdict A:                    plausible
  Verdict B:                    plausible
  Verdict changed:              False
  Delta counter density:        -0.1667
  Abstention type A:            None
  Abstention type B:            None