[2026-03-07T19:25:01.809656] DoE Comparison Log
Claim: A2 - Preavviso di rigetto e motivazione insufficiente
Domain: AMMINISTRATIVO
Replicate: R2
======================================================================

[SETUP A - Baseline (counter_causality=OFF)]
  Verdict:        plausible
  Net final:      0.47031407916757545
  Net pro:        0.7916483527647745
  Net contra:     0.32133427359719907
  Pro links:      3
  Contra links:   4
  Pro cogency:    0.6398510466940083
  Pro semantics:  0.7256434625219068
  Pro norm supp:  0.955
  Counter gate:   OPPOSING_STRONG (abstain=False)
  Abstention type:       N/A
  Counter density:    1.3333

[SETUP B - Treatment (counter_causality=ON)]
  Verdict:        uncertain
  Net final:      0.19524821783278468
  Net pro:        0.7916483527647745
  Net contra:     0.5964001349319898
  Pro links:      3
  Contra links:   2
  Pro cogency:    0.6398510466940083
  Pro semantics:  0.7256434625219068
  Pro norm supp:  0.955
  Counter gate:   OPPOSING_STRONG (abstain=False)
  Abstention type:       N/A
  Counter density:    0.6667

[DELTA (B - A)]
  Delta net final:              -0.275066
  Delta net pro:                0.0
  Delta net contra:             0.275066
  Delta pro links:              0
  Delta contra links:           -2
  Delta pro cogency:            0.0
  Delta pro semantics:          0.0
  Delta pro norm support:       0.0
  Delta contra cogency:         0.041298
  Delta contra semantics:       0.138322
  Delta contra norm support:    0.121875
  Delta confidence:             -0.275066
  Verdict A:                    plausible
  Verdict B:                    uncertain
  Verdict changed:              True
  Delta counter density:        -0.6666
  Abstention type A:            None
  Abstention type B:            None