[2026-03-02T15:46:12.377530] Pipeline log - Setup B
Claim: Un imprenditore acquista un macchinario industriale per 150.000 euro con garanzia scritta di resa pari a 500 unita/ora (+/- 2%). Nel contratto sono previsti collaudo iniziale, manuale operativo obblig
======================================================================
Status: ok
Duration: 1638.54s

[SETTINGS]
{
  "counter_model": "gpt_oss_120b",
  "counter_temperature": 0.3,
  "llm_max_tokens": 8192,
  "counter_enable_causality": true,
  "counter_pass_causal_identity": true,
  "counter_pass_taxonomy_attacks": true,
  "counter_pass_norms": true
}

[REASONER]
  Chain steps: 8
  Arguments: 1
  Causal type: CIV_SALE_DEFECTS

[COUNTER]
  Chain steps: 6
  Arguments: 1
  Abstained: False
  Planning mode: N/A

[EVALUATION]
  Verdict: plausible
  Net pro: 0.7919144786825251
  Net contra: 0.37362902967068823
  Net final: 0.41828544901183684
  Counter gate: label=OPPOSING_LIMITATIVE, abstain=False