[2026-03-05T13:09:19.375742] DoE Comparison Log
Claim: P5 - Furto in abitazione con effrazione notturna
Domain: PENALE
Replicate: R1
======================================================================

[SETUP A - Baseline (counter_causality=OFF)]
  Verdict:        plausible
  Net final:      0.47175614272975114
  Net pro:        0.7598300247608287
  Net contra:     0.2880738820310776
  Pro links:      4
  Contra links:   5
  Pro cogency:    0.6281736412823183
  Pro semantics:  0.7243901441455927
  Pro norm supp:  0.8851522228311383
  Counter gate:   OPPOSING_LIMITATIVE (abstain=False)
  Abstention type:       N/A
  Counter density:      1.25

[SETUP B - Treatment (counter_causality=ON)]
  Verdict:        plausible
  Net final:      0.48838551873737646
  Net pro:        0.7598300247608287
  Net contra:     0.27144450602345227
  Pro links:      4
  Contra links:   2
  Pro cogency:    0.6281736412823183
  Pro semantics:  0.7243901441455927
  Pro norm supp:  0.8851522228311383
  Counter gate:   OPPOSING_LIMITATIVE (abstain=False)
  Abstention type:       N/A
  Counter density:       0.5

[DELTA (B - A)]
  Delta net final:              0.016629
  Delta net pro:                0.0
  Delta net contra:             -0.016629
  Delta pro links:              0
  Delta contra links:           -3
  Delta pro cogency:            0.0
  Delta pro semantics:          0.0
  Delta pro norm support:       0.0
  Delta contra cogency:         -0.013128
  Delta contra semantics:       0.045465
  Delta contra norm support:    0.075075
  Delta confidence:             0.016629
  Verdict A:                    plausible
  Verdict B:                    plausible
  Verdict changed:              False
  Delta counter density:        -0.75
  Abstention type A:            None
  Abstention type B:            None