[2026-03-02T20:34:34.144084] Pipeline log - Setup B
Claim: Nel preliminare di vendita immobiliare l'acquirente versa 30.000 euro a titolo di caparra confirmatoria, con rogito fissato entro 4 mesi. A 20 giorni dal rogito il venditore comunica che non intende p
======================================================================
Status: ok
Duration: 508.29s

[SETTINGS]
{
  "counter_model": "gpt_oss_120b",
  "counter_temperature": 0.3,
  "llm_max_tokens": 8192,
  "counter_enable_causality": true,
  "counter_pass_causal_identity": true,
  "counter_pass_taxonomy_attacks": true,
  "counter_pass_norms": true
}

[REASONER]
  Chain steps: 7
  Arguments: 1
  Causal type: CIV_CONTRACT_REMEDIES

[COUNTER]
  Chain steps: 4
  Arguments: 1
  Abstained: False
  Planning mode: N/A

[EVALUATION]
  Verdict: plausible
  Net pro: 0.7257644885282938
  Net contra: 0.487620787582663
  Net final: 0.2381437009456308
  Counter gate: label=OPPOSING_LIMITATIVE, abstain=False