[2026-03-08T17:51:56.324565] DoE Comparison Log
Claim: A6 - Inerzia amministrativa e potere sostitutivo
Domain: AMMINISTRATIVO
Replicate: R1
======================================================================

[SETUP A - Baseline (counter_causality=OFF)]
  Verdict:        plausible
  Net final:      0.32835917661362074
  Net pro:        0.7816380566853622
  Net contra:     0.4532788800717415
  Pro links:      2
  Contra links:   2
  Pro cogency:    0.6246162277898593
  Pro semantics:  0.7358439611613479
  Pro norm supp:  0.9337500000000001
  Counter gate:   OPPOSING_LIMITATIVE (abstain=False)
  Abstention type:       N/A
  Counter density:       1.0

[SETUP B - Treatment (counter_causality=ON)]
  Verdict:        plausible
  Net final:      0.3048590459855205
  Net pro:        0.7816380566853622
  Net contra:     0.47677901069984174
  Pro links:      2
  Contra links:   2
  Pro cogency:    0.6246162277898593
  Pro semantics:  0.7358439611613479
  Pro norm supp:  0.9337500000000001
  Counter gate:   OPPOSING_LIMITATIVE (abstain=False)
  Abstention type:       N/A
  Counter density:       1.0

[DELTA (B - A)]
  Delta net final:              -0.0235
  Delta net pro:                0.0
  Delta net contra:             0.0235
  Delta pro links:              0
  Delta contra links:           0
  Delta pro cogency:            0.0
  Delta pro semantics:          0.0
  Delta pro norm support:       0.0
  Delta contra cogency:         0.008661
  Delta contra semantics:       0.017661
  Delta contra norm support:    -0.015208
  Delta confidence:             -0.0235
  Verdict A:                    plausible
  Verdict B:                    plausible
  Verdict changed:              False
  Delta counter density:        0.0
  Abstention type A:            None
  Abstention type B:            None