[2026-03-03T19:16:08.244400] DoE Comparison Log
Claim: P1 - Appropriazione indebita o infedele amministrazione
Domain: PENALE
Replicate: R3
======================================================================

[SETUP A - Baseline (counter_causality=OFF)]
  Verdict:        plausible
  Net final:      0.27666945016526073
  Net pro:        0.7187910499016372
  Net contra:     0.4421215997363765
  Pro links:      2
  Contra links:   3
  Pro cogency:    0.59302654666826
  Pro semantics:  0.6817638887961244
  Pro norm supp:  0.8408847981558047
  Counter gate:   OPPOSING_LIMITATIVE (abstain=False)
  Abstention type:       N/A
  Counter density:       1.5

[SETUP B - Treatment (counter_causality=ON)]
  Verdict:        plausible
  Net final:      0.23974112492268157
  Net pro:        0.7187910499016372
  Net contra:     0.47904992497895565
  Pro links:      2
  Contra links:   2
  Pro cogency:    0.59302654666826
  Pro semantics:  0.6817638887961244
  Pro norm supp:  0.8408847981558047
  Counter gate:   OPPOSING_LIMITATIVE (abstain=False)
  Abstention type:       N/A
  Counter density:       1.0

[DELTA (B - A)]
  Delta net final:              -0.036928
  Delta net pro:                0.0
  Delta net contra:             0.036928
  Delta pro links:              0
  Delta contra links:           -1
  Delta pro cogency:            0.0
  Delta pro semantics:          0.0
  Delta pro norm support:       0.0
  Delta contra cogency:         0.007802
  Delta contra semantics:       -0.025434
  Delta contra norm support:    0.01189
  Delta confidence:             -0.036928
  Verdict A:                    plausible
  Verdict B:                    plausible
  Verdict changed:              False
  Delta counter density:        -0.5
  Abstention type A:            None
  Abstention type B:            None