[2026-03-07T21:31:35.867002] DoE Comparison Log
Claim: A3 - Ritardo procedimentale e conseguenze patrimoniali
Domain: AMMINISTRATIVO
Replicate: R2
======================================================================

[SETUP A - Baseline (counter_causality=OFF)]
  Verdict:        plausible
  Net final:      0.4522185651139323
  Net pro:        0.7700694188940121
  Net contra:     0.3178508537800798
  Pro links:      5
  Contra links:   4
  Pro cogency:    0.6103695696161224
  Pro semantics:  0.6921078609229252
  Pro norm supp:  0.9483154743307445
  Counter gate:   OPPOSING_STRONG (abstain=False)
  Abstention type:       N/A
  Counter density:       0.8

[SETUP B - Treatment (counter_causality=ON)]
  Verdict:        plausible
  Net final:      0.34071784693634977
  Net pro:        0.7700694188940121
  Net contra:     0.4293515719576624
  Pro links:      5
  Contra links:   2
  Pro cogency:    0.6103695696161224
  Pro semantics:  0.6921078609229252
  Pro norm supp:  0.9483154743307445
  Counter gate:   OPPOSING_LIMITATIVE (abstain=False)
  Abstention type:       N/A
  Counter density:       0.4

[DELTA (B - A)]
  Delta net final:              -0.111501
  Delta net pro:                0.0
  Delta net contra:             0.111501
  Delta pro links:              0
  Delta contra links:           -2
  Delta pro cogency:            0.0
  Delta pro semantics:          0.0
  Delta pro norm support:       0.0
  Delta contra cogency:         0.030139
  Delta contra semantics:       0.01783
  Delta contra norm support:    0.128389
  Delta confidence:             -0.111501
  Verdict A:                    plausible
  Verdict B:                    plausible
  Verdict changed:              False
  Delta counter density:        -0.4
  Abstention type A:            None
  Abstention type B:            None