[2026-03-08T17:51:56.307639] Pipeline log - Setup B
Claim: Un'impresa presenta istanza autorizzativa completa, ma decorso il termine legale non riceve alcun provvedimento espresso ne richieste istruttorie puntuali. Dopo diversi solleciti l'amministrazione res
======================================================================
Status: ok
Duration: 1039.45s

[SETTINGS]
{
  "counter_model": "gpt_oss_120b",
  "counter_temperature": 0.3,
  "llm_max_tokens": 8192,
  "counter_enable_causality": true,
  "counter_pass_causal_identity": true,
  "counter_pass_taxonomy_attacks": true,
  "counter_pass_norms": true
}

[REASONER]
  Chain steps: 3
  Arguments: 1
  Causal type: AMM_PROCEDURAL_LEGITIMACY

[COUNTER]
  Chain steps: 3
  Arguments: 1
  Abstained: False
  Planning mode: N/A

[EVALUATION]
  Verdict: plausible
  Net pro: 0.7816380566853622
  Net contra: 0.47677901069984174
  Net final: 0.3048590459855205
  Counter gate: label=OPPOSING_LIMITATIVE, abstain=False