[2026-03-06T00:00:46.210461] DoE Comparison Log
Claim: M1 - Truffa contrattuale e rimedi civili
Domain: MIXED
Replicate: R2
======================================================================

[SETUP A - Baseline (counter_causality=OFF)]
  Verdict:        plausible
  Net final:      0.2759537906503662
  Net pro:        0.7611207757047782
  Net contra:     0.485166985054412
  Pro links:      6
  Contra links:   3
  Pro cogency:    0.60203177171349
  Pro semantics:  0.608185628783919
  Pro norm supp:  0.9951388888888889
  Counter gate:   OPPOSING_LIMITATIVE (abstain=False)
  Abstention type:       N/A
  Counter density:       0.5

[SETUP B - Treatment (counter_causality=ON)]
  Verdict:        plausible
  Net final:      0.21211516053174184
  Net pro:        0.7611207757047782
  Net contra:     0.5490056151730364
  Pro links:      6
  Contra links:   4
  Pro cogency:    0.60203177171349
  Pro semantics:  0.608185628783919
  Pro norm supp:  0.9951388888888889
  Counter gate:   OPPOSING_LIMITATIVE (abstain=False)
  Abstention type:       N/A
  Counter density:    0.6667

[DELTA (B - A)]
  Delta net final:              -0.063839
  Delta net pro:                0.0
  Delta net contra:             0.063839
  Delta pro links:              0
  Delta contra links:           1
  Delta pro cogency:            0.0
  Delta pro semantics:          0.0
  Delta pro norm support:       0.0
  Delta contra cogency:         0.007516
  Delta contra semantics:       0.021127
  Delta contra norm support:    0.008028
  Delta confidence:             -0.063839
  Verdict A:                    plausible
  Verdict B:                    plausible
  Verdict changed:              False
  Delta counter density:        0.1667
  Abstention type A:            None
  Abstention type B:            None