[2026-03-06T15:55:51.481117] DoE Comparison Log
Claim: M2 - Amministratore di condominio: distrazione fondi e responsabilita risarcitoria
Domain: MIXED
Replicate: R1
======================================================================

[SETUP A - Baseline (counter_causality=OFF)]
  Verdict:        plausible
  Net final:      0.4629365982268383
  Net pro:        0.8137038513062489
  Net contra:     0.3507672530794106
  Pro links:      8
  Contra links:   3
  Pro cogency:    0.6702645316741827
  Pro semantics:  0.802927582743471
  Pro norm supp:  0.9293655424523818
  Counter gate:   OPPOSING_LIMITATIVE (abstain=False)
  Abstention type:       N/A
  Counter density:     0.375

[SETUP B - Treatment (counter_causality=ON)]
  Verdict:        plausible
  Net final:      0.22966886580688706
  Net pro:        0.8101767213970062
  Net contra:     0.5805078555901192
  Pro links:      8
  Contra links:   4
  Pro cogency:    0.6666589110059878
  Pro semantics:  0.7947761037141902
  Pro norm supp:  0.9293655424523818
  Counter gate:   OPPOSING_LIMITATIVE (abstain=False)
  Abstention type:       N/A
  Counter density:       0.5

[DELTA (B - A)]
  Delta net final:              -0.233268
  Delta net pro:                -0.003527
  Delta net contra:             0.229741
  Delta pro links:              0
  Delta contra links:           1
  Delta pro cogency:            -0.003606
  Delta pro semantics:          -0.008151
  Delta pro norm support:       0.0
  Delta contra cogency:         0.010455
  Delta contra semantics:       0.030662
  Delta contra norm support:    0.09002
  Delta confidence:             -0.233268
  Verdict A:                    plausible
  Verdict B:                    plausible
  Verdict changed:              False
  Delta counter density:        0.125
  Abstention type A:            None
  Abstention type B:            None