[2026-03-08T19:12:51.524955] DoE Comparison Log
Claim: A6 - Inerzia amministrativa e potere sostitutivo
Domain: AMMINISTRATIVO
Replicate: R3
======================================================================

[SETUP A - Baseline (counter_causality=OFF)]
  Verdict:        plausible
  Net final:      0.2474298638243705
  Net pro:        0.785840310144803
  Net contra:     0.5384104463204326
  Pro links:      2
  Contra links:   3
  Pro cogency:    0.6212723091644253
  Pro semantics:  0.7370842802071406
  Pro norm supp:  0.9458333333333333
  Counter gate:   OPPOSING_STRONG (abstain=False)
  Abstention type:       N/A
  Counter density:       1.5

[SETUP B - Treatment (counter_causality=ON)]
  Verdict:        uncertain
  Net final:      0.13280809131053073
  Net pro:        0.785840310144803
  Net contra:     0.6530322188342723
  Pro links:      2
  Contra links:   3
  Pro cogency:    0.6212723091644253
  Pro semantics:  0.7370842802071406
  Pro norm supp:  0.9458333333333333
  Counter gate:   OPPOSING_STRONG (abstain=False)
  Abstention type:       N/A
  Counter density:       1.5

[DELTA (B - A)]
  Delta net final:              -0.114622
  Delta net pro:                0.0
  Delta net contra:             0.114622
  Delta pro links:              0
  Delta contra links:           0
  Delta pro cogency:            0.0
  Delta pro semantics:          0.0
  Delta pro norm support:       0.0
  Delta contra cogency:         -0.053052
  Delta contra semantics:       -0.055648
  Delta contra norm support:    0.031389
  Delta confidence:             -0.114622
  Verdict A:                    plausible
  Verdict B:                    uncertain
  Verdict changed:              True
  Delta counter density:        0.0
  Abstention type A:            None
  Abstention type B:            None