[2026-03-05T18:06:12.728086] DoE Comparison Log
Claim: M1 - Truffa contrattuale e rimedi civili
Domain: MIXED
Replicate: R1
======================================================================

[SETUP A - Baseline (counter_causality=OFF)]
  Verdict:        plausible
  Net final:      0.38319060108959196
  Net pro:        0.7805860378178833
  Net contra:     0.3973954367282913
  Pro links:      7
  Contra links:   4
  Pro cogency:    0.6366140919787888
  Pro semantics:  0.6570230426547162
  Pro norm supp:  0.9812372435695794
  Counter gate:   OPPOSING_LIMITATIVE (abstain=False)
  Abstention type:       N/A
  Counter density:    0.5714

[SETUP B - Treatment (counter_causality=ON)]
  Verdict:        plausible
  Net final:      0.7805860378178833
  Net pro:        0.7805860378178833
  Net contra:     0.0
  Pro links:      7
  Contra links:   0
  Pro cogency:    0.6366140919787888
  Pro semantics:  0.6570230426547162
  Pro norm supp:  0.9812372435695794
  Counter gate:   ALREADY_ABSTAINED (abstain=True)
  Abstention type:  reasoned
  Counter density:       0.0

[DELTA (B - A)]
  Delta net final:              0.397395
  Delta net pro:                0.0
  Delta net contra:             -0.397395
  Delta pro links:              0
  Delta contra links:           -4
  Delta pro cogency:            0.0
  Delta pro semantics:          0.0
  Delta pro norm support:       0.0
  Delta contra cogency:         -0.597135
  Delta contra semantics:       -0.577845
  Delta contra norm support:    -0.920442
  Delta confidence:             0.397395
  Verdict A:                    plausible
  Verdict B:                    plausible
  Verdict changed:              False
  Delta counter density:        -0.5714
  Abstention type A:            None
  Abstention type B:            reasoned