[2026-03-02T19:05:09.069268] DoE Comparison Log
Claim: C3 - Responsabilita condominiale per infiltrazioni
Domain: CIVILE
Replicate: R3
======================================================================

[SETUP A - Baseline (counter_causality=OFF)]
  Verdict:        plausible
  Net final:      0.4422796892321471
  Net pro:        0.803029018883889
  Net contra:     0.3607493296517419
  Pro links:      5
  Contra links:   3
  Pro cogency:    0.6520407133059812
  Pro semantics:  0.7762507906238862
  Pro norm supp:  0.9363539192623218
  Counter gate:   OPPOSING_LIMITATIVE (abstain=False)
  Abstention type:       N/A
  Counter density:       0.6

[SETUP B - Treatment (counter_causality=ON)]
  Verdict:        plausible
  Net final:      0.31123745310043477
  Net pro:        0.803029018883889
  Net contra:     0.49179156578345423
  Pro links:      5
  Contra links:   2
  Pro cogency:    0.6520407133059812
  Pro semantics:  0.7762507906238862
  Pro norm supp:  0.9363539192623218
  Counter gate:   OPPOSING_LIMITATIVE (abstain=False)
  Abstention type:       N/A
  Counter density:       0.4

[DELTA (B - A)]
  Delta net final:              -0.131042
  Delta net pro:                0.0
  Delta net contra:             0.131042
  Delta pro links:              0
  Delta contra links:           -1
  Delta pro cogency:            0.0
  Delta pro semantics:          0.0
  Delta pro norm support:       0.0
  Delta contra cogency:         0.025608
  Delta contra semantics:       0.070549
  Delta contra norm support:    -0.094889
  Delta confidence:             -0.131042
  Verdict A:                    plausible
  Verdict B:                    plausible
  Verdict changed:              False
  Delta counter density:        -0.2
  Abstention type A:            None
  Abstention type B:            None