[2026-03-06T21:01:40.173858] DoE Comparison Log
Claim: M4 - Vendita di veicolo con chilometraggio alterato
Domain: MIXED
Replicate: R1
======================================================================

[SETUP A - Baseline (counter_causality=OFF)]
  Verdict:        plausible
  Net final:      0.7435665935245593
  Net pro:        0.7435665935245593
  Net contra:     0.0
  Pro links:      6
  Contra links:   0
  Pro cogency:    0.6122034087702583
  Pro semantics:  0.6037364371312484
  Pro norm supp:  0.9469615993852681
  Counter gate:   INSUFFICIENT_MATERIAL (abstain=True)
  Abstention type:      gate
  Counter density:       0.0

[SETUP B - Treatment (counter_causality=ON)]
  Verdict:        plausible
  Net final:      0.2214233263134875
  Net pro:        0.7435665935245593
  Net contra:     0.5221432672110718
  Pro links:      6
  Contra links:   4
  Pro cogency:    0.6122034087702583
  Pro semantics:  0.6037364371312484
  Pro norm supp:  0.9469615993852681
  Counter gate:   OPPOSING_LIMITATIVE (abstain=False)
  Abstention type:       N/A
  Counter density:    0.6667

[DELTA (B - A)]
  Delta net final:              -0.522143
  Delta net pro:                0.0
  Delta net contra:             0.522143
  Delta pro links:              0
  Delta contra links:           4
  Delta pro cogency:            0.0
  Delta pro semantics:          0.0
  Delta pro norm support:       0.0
  Delta contra cogency:         0.63473
  Delta contra semantics:       0.704547
  Delta contra norm support:    0.950394
  Delta confidence:             -0.522143
  Verdict A:                    plausible
  Verdict B:                    plausible
  Verdict changed:              False
  Delta counter density:        0.6667
  Abstention type A:            gate
  Abstention type B:            None