[2026-03-02T16:26:20.145685] DoE Comparison Log
Claim: C2 - Inadempimento contrattuale, eccezione di inadempimento e risoluzione
Domain: CIVILE
Replicate: R1
======================================================================

[SETUP A - Baseline (counter_causality=OFF)]
  Verdict:        plausible
  Net final:      0.434920477246064
  Net pro:        0.7953294212200905
  Net contra:     0.36040894397402656
  Pro links:      7
  Contra links:   3
  Pro cogency:    0.6567089683832646
  Pro semantics:  0.6794061109242643
  Pro norm supp:  0.9862372435695794
  Counter gate:   OPPOSING_LIMITATIVE (abstain=False)
  Abstention type:       N/A
  Counter density:    0.4286

[SETUP B - Treatment (counter_causality=ON)]
  Verdict:        plausible
  Net final:      0.3013679964409976
  Net pro:        0.7953294212200905
  Net contra:     0.49396142477909294
  Pro links:      7
  Contra links:   2
  Pro cogency:    0.6567089683832646
  Pro semantics:  0.6794061109242643
  Pro norm supp:  0.9862372435695794
  Counter gate:   OPPOSING_LIMITATIVE (abstain=False)
  Abstention type:       N/A
  Counter density:    0.2857

[DELTA (B - A)]
  Delta net final:              -0.133552
  Delta net pro:                0.0
  Delta net contra:             0.133552
  Delta pro links:              0
  Delta contra links:           -1
  Delta pro cogency:            0.0
  Delta pro semantics:          0.0
  Delta pro norm support:       0.0
  Delta contra cogency:         0.04992
  Delta contra semantics:       -0.044163
  Delta contra norm support:    0.032113
  Delta confidence:             -0.133552
  Verdict A:                    plausible
  Verdict B:                    plausible
  Verdict changed:              False
  Delta counter density:        -0.1429
  Abstention type A:            None
  Abstention type B:            None