[2026-03-03T16:59:57.514869] DoE Comparison Log
Claim: C6 - Danno cagionato da animale in custodia
Domain: CIVILE
Replicate: R3
======================================================================

[SETUP A - Baseline (counter_causality=OFF)]
  Verdict:        plausible
  Net final:      0.42430476191129896
  Net pro:        0.7312802140087555
  Net contra:     0.3069754520974566
  Pro links:      6
  Contra links:   2
  Pro cogency:    0.5917536076004327
  Pro semantics:  0.6474578365903574
  Pro norm supp:  0.8987919518787962
  Counter gate:   OPPOSING_STRONG (abstain=False)
  Abstention type:       N/A
  Counter density:    0.3333

[SETUP B - Treatment (counter_causality=ON)]
  Verdict:        plausible
  Net final:      0.22583845083147247
  Net pro:        0.7312802140087555
  Net contra:     0.5054417631772831
  Pro links:      6
  Contra links:   3
  Pro cogency:    0.5917536076004327
  Pro semantics:  0.6474578365903574
  Pro norm supp:  0.8987919518787962
  Counter gate:   OPPOSING_LIMITATIVE (abstain=False)
  Abstention type:       N/A
  Counter density:       0.5

[DELTA (B - A)]
  Delta net final:              -0.198466
  Delta net pro:                0.0
  Delta net contra:             0.198466
  Delta pro links:              0
  Delta contra links:           1
  Delta pro cogency:            0.0
  Delta pro semantics:          0.0
  Delta pro norm support:       0.0
  Delta contra cogency:         0.003304
  Delta contra semantics:       0.082882
  Delta contra norm support:    0.127002
  Delta confidence:             -0.198466
  Verdict A:                    plausible
  Verdict B:                    plausible
  Verdict changed:              False
  Delta counter density:        0.1667
  Abstention type A:            None
  Abstention type B:            None