[2026-03-02T14:59:11.430166] DoE Comparison Log
Claim: C1 - Vizi della cosa venduta e danni da fermo produzione
Domain: CIVILE
Replicate: R2
======================================================================

[SETUP A - Baseline (counter_causality=OFF)]
  Verdict:        plausible
  Net final:      0.3216168507437776
  Net pro:        0.7683808425867422
  Net contra:     0.4467639918429646
  Pro links:      6
  Contra links:   2
  Pro cogency:    0.6272571771065686
  Pro semantics:  0.6863138937496339
  Pro norm supp:  0.935773803324704
  Counter gate:   OPPOSING_LIMITATIVE (abstain=False)
  Abstention type:       N/A
  Counter density:    0.3333

[SETUP B - Treatment (counter_causality=ON)]
  Verdict:        plausible
  Net final:      0.3820663134098787
  Net pro:        0.7683808425867422
  Net contra:     0.38631452917686354
  Pro links:      6
  Contra links:   3
  Pro cogency:    0.6272571771065686
  Pro semantics:  0.6863138937496339
  Pro norm supp:  0.935773803324704
  Counter gate:   OPPOSING_LIMITATIVE (abstain=False)
  Abstention type:       N/A
  Counter density:       0.5

[DELTA (B - A)]
  Delta net final:              0.060449
  Delta net pro:                0.0
  Delta net contra:             -0.060449
  Delta pro links:              0
  Delta contra links:           1
  Delta pro cogency:            0.0
  Delta pro semantics:          0.0
  Delta pro norm support:       0.0
  Delta contra cogency:         0.02997
  Delta contra semantics:       0.062994
  Delta contra norm support:    -0.096339
  Delta confidence:             0.060449
  Verdict A:                    plausible
  Verdict B:                    plausible
  Verdict changed:              False
  Delta counter density:        0.1667
  Abstention type A:            None
  Abstention type B:            None