[2026-03-04T14:49:49.072591] DoE Comparison Log
Claim: P2 - Omicidio stradale, colpa e urgenza familiare    #COUNTER IN NETTA DIFFICOLTA'
Domain: PENALE
Replicate: R3
======================================================================

[SETUP A - Baseline (counter_causality=OFF)]
  Verdict:        plausible
  Net final:      0.28518843627224716
  Net pro:        0.7516252718450331
  Net contra:     0.466436835572786
  Pro links:      2
  Contra links:   1
  Pro cogency:    0.6682971659459966
  Pro semantics:  0.715940675996374
  Pro norm supp:  0.8408847981558047
  Counter gate:   OPPOSING_LIMITATIVE (abstain=False)
  Abstention type:       N/A
  Counter density:       0.5

[SETUP B - Treatment (counter_causality=ON)]
  Verdict:        uncertain
  Net final:      0.09807069584519423
  Net pro:        0.7516252718450331
  Net contra:     0.6535545759998389
  Pro links:      2
  Contra links:   2
  Pro cogency:    0.6682971659459966
  Pro semantics:  0.715940675996374
  Pro norm supp:  0.8408847981558047
  Counter gate:   OPPOSING_LIMITATIVE (abstain=False)
  Abstention type:       N/A
  Counter density:       1.0

[DELTA (B - A)]
  Delta net final:              -0.187118
  Delta net pro:                0.0
  Delta net contra:             0.187118
  Delta pro links:              0
  Delta contra links:           1
  Delta pro cogency:            0.0
  Delta pro semantics:          0.0
  Delta pro norm support:       0.0
  Delta contra cogency:         -0.032783
  Delta contra semantics:       0.019949
  Delta contra norm support:    0.15817
  Delta confidence:             -0.187118
  Verdict A:                    plausible
  Verdict B:                    uncertain
  Verdict changed:              True
  Delta counter density:        0.5
  Abstention type A:            None
  Abstention type B:            None