[2026-03-02T15:46:12.379834] DoE Comparison Log
Claim: C1 - Vizi della cosa venduta e danni da fermo produzione
Domain: CIVILE
Replicate: R3
======================================================================

[SETUP A - Baseline (counter_causality=OFF)]
  Verdict:        plausible
  Net final:      0.48364399238433803
  Net pro:        0.7919144786825251
  Net contra:     0.30827048629818704
  Pro links:      6
  Contra links:   3
  Pro cogency:    0.6190600927205091
  Pro semantics:  0.687321502887908
  Pro norm supp:  1.0
  Counter gate:   OPPOSING_LIMITATIVE (abstain=False)
  Abstention type:       N/A
  Counter density:       0.5

[SETUP B - Treatment (counter_causality=ON)]
  Verdict:        plausible
  Net final:      0.41828544901183684
  Net pro:        0.7919144786825251
  Net contra:     0.37362902967068823
  Pro links:      6
  Contra links:   4
  Pro cogency:    0.6190600927205091
  Pro semantics:  0.687321502887908
  Pro norm supp:  1.0
  Counter gate:   OPPOSING_LIMITATIVE (abstain=False)
  Abstention type:       N/A
  Counter density:    0.6667

[DELTA (B - A)]
  Delta net final:              -0.065359
  Delta net pro:                0.0
  Delta net contra:             0.065359
  Delta pro links:              0
  Delta contra links:           1
  Delta pro cogency:            0.0
  Delta pro semantics:          0.0
  Delta pro norm support:       0.0
  Delta contra cogency:         0.007097
  Delta contra semantics:       -0.06587
  Delta contra norm support:    0.040141
  Delta confidence:             -0.065359
  Verdict A:                    plausible
  Verdict B:                    plausible
  Verdict changed:              False
  Delta counter density:        0.1667
  Abstention type A:            None
  Abstention type B:            None