[2026-03-07T16:54:27.324291] DoE Comparison Log
Claim: A1 - Omissione comunicazione di avvio e partecipazione procedimentale
Domain: AMMINISTRATIVO
Replicate: R1
======================================================================

[SETUP A - Baseline (counter_causality=OFF)]
  Verdict:        uncertain
  Net final:      0.18418117560124814
  Net pro:        0.7488507432576749
  Net contra:     0.5646695676564267
  Pro links:      6
  Contra links:   2
  Pro cogency:    0.6129711581997123
  Pro semantics:  0.657014125625043
  Pro norm supp:  0.9196378952756206
  Counter gate:   OPPOSING_LIMITATIVE (abstain=False)
  Abstention type:       N/A
  Counter density:    0.3333

[SETUP B - Treatment (counter_causality=ON)]
  Verdict:        plausible
  Net final:      0.2762709155016304
  Net pro:        0.7475699561945311
  Net contra:     0.47129904069290074
  Pro links:      6
  Contra links:   2
  Pro cogency:    0.6107171144192209
  Pro semantics:  0.6549988791950555
  Pro norm supp:  0.9196378952756206
  Counter gate:   OPPOSING_STRONG (abstain=False)
  Abstention type:       N/A
  Counter density:    0.3333

[DELTA (B - A)]
  Delta net final:              0.09209
  Delta net pro:                -0.001281
  Delta net contra:             -0.093371
  Delta pro links:              0
  Delta contra links:           0
  Delta pro cogency:            -0.002254
  Delta pro semantics:          -0.002015
  Delta pro norm support:       0.0
  Delta contra cogency:         0.018819
  Delta contra semantics:       0.055654
  Delta contra norm support:    -0.0575
  Delta confidence:             0.09209
  Verdict A:                    uncertain
  Verdict B:                    plausible
  Verdict changed:              True
  Delta counter density:        0.0
  Abstention type A:            None
  Abstention type B:            None