[2026-03-06T21:37:25.693821] DoE Comparison Log
Claim: M4 - Vendita di veicolo con chilometraggio alterato
Domain: MIXED
Replicate: R2
======================================================================

[SETUP A - Baseline (counter_causality=OFF)]
  Verdict:        plausible
  Net final:      0.4144781652516826
  Net pro:        0.8037646137239326
  Net contra:     0.38928644847225
  Pro links:      5
  Contra links:   4
  Pro cogency:    0.6479719784677301
  Pro semantics:  0.7236005459488304
  Pro norm supp:  0.9807321409974111
  Counter gate:   OPPOSING_LIMITATIVE (abstain=False)
  Abstention type:       N/A
  Counter density:       0.8

[SETUP B - Treatment (counter_causality=ON)]
  Verdict:        plausible
  Net final:      0.4169563508908845
  Net pro:        0.8037646137239326
  Net contra:     0.3868082628330481
  Pro links:      5
  Contra links:   4
  Pro cogency:    0.6479719784677301
  Pro semantics:  0.7236005459488304
  Pro norm supp:  0.9807321409974111
  Counter gate:   OPPOSING_LIMITATIVE (abstain=False)
  Abstention type:       N/A
  Counter density:       0.8

[DELTA (B - A)]
  Delta net final:              0.002478
  Delta net pro:                0.0
  Delta net contra:             -0.002478
  Delta pro links:              0
  Delta contra links:           0
  Delta pro cogency:            0.0
  Delta pro semantics:          0.0
  Delta pro norm support:       0.0
  Delta contra cogency:         0.017721
  Delta contra semantics:       0.04992
  Delta contra norm support:    -0.024085
  Delta confidence:             0.002478
  Verdict A:                    plausible
  Verdict B:                    plausible
  Verdict changed:              False
  Delta counter density:        0.0
  Abstention type A:            None
  Abstention type B:            None