[2026-03-04T13:27:48.191251] DoE Comparison Log
Claim: P2 - Omicidio stradale, colpa e urgenza familiare    #COUNTER IN NETTA DIFFICOLTA'
Domain: PENALE
Replicate: R1
======================================================================

[SETUP A - Baseline (counter_causality=OFF)]
  Verdict:        plausible
  Net final:      0.2455753332789814
  Net pro:        0.7932347303379177
  Net contra:     0.5476593970589363
  Pro links:      2
  Contra links:   1
  Pro cogency:    0.6906619900023915
  Pro semantics:  0.8080478502409649
  Pro norm supp:  0.8590544456622767
  Counter gate:   OPPOSING_LIMITATIVE (abstain=False)
  Abstention type:       N/A
  Counter density:       0.5

[SETUP B - Treatment (counter_causality=ON)]
  Verdict:        plausible
  Net final:      0.32796133381509396
  Net pro:        0.7932347303379177
  Net contra:     0.46527339652282373
  Pro links:      2
  Contra links:   2
  Pro cogency:    0.6906619900023915
  Pro semantics:  0.8080478502409649
  Pro norm supp:  0.8590544456622767
  Counter gate:   OPPOSING_LIMITATIVE (abstain=False)
  Abstention type:       N/A
  Counter density:       1.0

[DELTA (B - A)]
  Delta net final:              0.082386
  Delta net pro:                0.0
  Delta net contra:             -0.082386
  Delta pro links:              0
  Delta contra links:           1
  Delta pro cogency:            0.0
  Delta pro semantics:          0.0
  Delta pro norm support:       0.0
  Delta contra cogency:         0.024819
  Delta contra semantics:       0.078589
  Delta contra norm support:    0.066458
  Delta confidence:             0.082386
  Verdict A:                    plausible
  Verdict B:                    plausible
  Verdict changed:              False
  Delta counter density:        0.5
  Abstention type A:            None
  Abstention type B:            None