[2026-03-08T18:32:45.682594] Pipeline log - Setup B
Claim: Un'impresa presenta istanza autorizzativa completa, ma decorso il termine legale non riceve alcun provvedimento espresso ne richieste istruttorie puntuali. Dopo diversi solleciti l'amministrazione res
======================================================================
Status: ok
Duration: 792.8s

[SETTINGS]
{
  "counter_model": "gpt_oss_120b",
  "counter_temperature": 0.3,
  "llm_max_tokens": 8192,
  "counter_enable_causality": true,
  "counter_pass_causal_identity": true,
  "counter_pass_taxonomy_attacks": true,
  "counter_pass_norms": true
}

[REASONER]
  Chain steps: 4
  Arguments: 1
  Causal type: AMM_DELAY_REMEDIES

[COUNTER]
  Chain steps: 4
  Arguments: 1
  Abstained: False
  Planning mode: N/A

[EVALUATION]
  Verdict: uncertain
  Net pro: 0.7484575808460349
  Net contra: 0.5799277974828171
  Net final: 0.16852978336321778
  Counter gate: label=OPPOSING_LIMITATIVE, abstain=False