[2026-03-08T11:36:07.424131] DoE Comparison Log
Claim: A4 - Annullamento d'ufficio tardivo e affidamento
Domain: AMMINISTRATIVO
Replicate: R1
======================================================================

[SETUP A - Baseline (counter_causality=OFF)]
  Verdict:        plausible
  Net final:      0.36775775250050097
  Net pro:        0.7495862719493261
  Net contra:     0.3818285194488252
  Pro links:      6
  Contra links:   2
  Pro cogency:    0.5971656813789451
  Pro semantics:  0.7245504673467842
  Pro norm supp:  0.8826785683290187
  Counter gate:   OPPOSING_LIMITATIVE (abstain=False)
  Abstention type:       N/A
  Counter density:    0.3333

[SETUP B - Treatment (counter_causality=ON)]
  Verdict:        plausible
  Net final:      0.35429851846035465
  Net pro:        0.7495862719493261
  Net contra:     0.3952877534889715
  Pro links:      6
  Contra links:   2
  Pro cogency:    0.5971656813789451
  Pro semantics:  0.7245504673467842
  Pro norm supp:  0.8826785683290187
  Counter gate:   OPPOSING_STRONG (abstain=False)
  Abstention type:       N/A
  Counter density:    0.3333

[DELTA (B - A)]
  Delta net final:              -0.013459
  Delta net pro:                0.0
  Delta net contra:             0.013459
  Delta pro links:              0
  Delta contra links:           0
  Delta pro cogency:            0.0
  Delta pro semantics:          0.0
  Delta pro norm support:       0.0
  Delta contra cogency:         0.036834
  Delta contra semantics:       0.152978
  Delta contra norm support:    -0.022083
  Delta confidence:             -0.013459
  Verdict A:                    plausible
  Verdict B:                    plausible
  Verdict changed:              False
  Delta counter density:        0.0
  Abstention type A:            None
  Abstention type B:            None