[2026-03-05T13:09:19.344351] Pipeline log - Setup B
Claim: Un soggetto entra di notte in un appartamento forzando una finestra e sottrae gioielli e denaro contante. Viene identificato tramite impronte sulla finestra e immagini delle telecamere condominiali. L
======================================================================
Status: ok
Duration: 2862.19s

[SETTINGS]
{
  "counter_model": "gpt_oss_120b",
  "counter_temperature": 0.3,
  "llm_max_tokens": 8192,
  "counter_enable_causality": true,
  "counter_pass_causal_identity": true,
  "counter_pass_taxonomy_attacks": true,
  "counter_pass_norms": true
}

[REASONER]
  Chain steps: 6
  Arguments: 1
  Causal type: PEN_PROPERTY_QUALIFICATION

[COUNTER]
  Chain steps: 4
  Arguments: 1
  Abstained: False
  Planning mode: N/A

[EVALUATION]
  Verdict: plausible
  Net pro: 0.7598300247608287
  Net contra: 0.27144450602345227
  Net final: 0.48838551873737646
  Counter gate: label=OPPOSING_LIMITATIVE, abstain=False