[2026-03-08T15:17:59.809207] DoE Comparison Log
Claim: A5 - Revoca per sopravvenuti motivi e indennizzo
Domain: AMMINISTRATIVO
Replicate: R1
======================================================================

[SETUP A - Baseline (counter_causality=OFF)]
  Verdict:        plausible
  Net final:      0.3936199982439472
  Net pro:        0.730129759283001
  Net contra:     0.3365097610390537
  Pro links:      4
  Contra links:   4
  Pro cogency:    0.6000687832335945
  Pro semantics:  0.6800066110517043
  Pro norm supp:  0.865267852493528
  Counter gate:   OPPOSING_LIMITATIVE (abstain=False)
  Abstention type:       N/A
  Counter density:       1.0

[SETUP B - Treatment (counter_causality=ON)]
  Verdict:        uncertain
  Net final:      0.1736160757854024
  Net pro:        0.730129759283001
  Net contra:     0.5565136834975986
  Pro links:      4
  Contra links:   2
  Pro cogency:    0.6000687832335945
  Pro semantics:  0.6800066110517043
  Pro norm supp:  0.865267852493528
  Counter gate:   OPPOSING_STRONG (abstain=False)
  Abstention type:       N/A
  Counter density:       0.5

[DELTA (B - A)]
  Delta net final:              -0.220004
  Delta net pro:                0.0
  Delta net contra:             0.220004
  Delta pro links:              0
  Delta contra links:           -2
  Delta pro cogency:            0.0
  Delta pro semantics:          0.0
  Delta pro norm support:       0.0
  Delta contra cogency:         -0.00776
  Delta contra semantics:       0.077776
  Delta contra norm support:    -0.075499
  Delta confidence:             -0.220004
  Verdict A:                    plausible
  Verdict B:                    uncertain
  Verdict changed:              True
  Delta counter density:        -0.5
  Abstention type A:            None
  Abstention type B:            None