[2026-03-03T15:42:30.483838] Pipeline log - Setup B
Claim: Un cane di grossa taglia esce dal giardino per cancello rimasto aperto e aggredisce un ciclista, che riporta fratture e danni alla bicicletta. Il proprietario afferma che il cancello sia stato lasciat
======================================================================
Status: ok
Duration: 705.37s

[SETTINGS]
{
  "counter_model": "gpt_oss_120b",
  "counter_temperature": 0.3,
  "llm_max_tokens": 8192,
  "counter_enable_causality": true,
  "counter_pass_causal_identity": true,
  "counter_pass_taxonomy_attacks": true,
  "counter_pass_norms": true
}

[REASONER]
  Chain steps: 7
  Arguments: 1
  Causal type: CIV_CUSTODY_DAMAGE

[COUNTER]
  Chain steps: 4
  Arguments: 1
  Abstained: False
  Planning mode: N/A

[EVALUATION]
  Verdict: plausible
  Net pro: 0.7627487831877677
  Net contra: 0.35858779656956186
  Net final: 0.4041609866182059
  Counter gate: label=OPPOSING_STRONG, abstain=False