[2026-03-02T18:39:08.184914] DoE Comparison Log
Claim: C3 - Responsabilita condominiale per infiltrazioni
Domain: CIVILE
Replicate: R2
======================================================================

[SETUP A - Baseline (counter_causality=OFF)]
  Verdict:        uncertain
  Net final:      0.10091312469669356
  Net pro:        0.8171877489405015
  Net contra:     0.716274624243808
  Pro links:      2
  Contra links:   2
  Pro cogency:    0.6933340842141424
  Pro semantics:  0.8257441389381213
  Pro norm supp:  0.903660704987056
  Counter gate:   OPPOSING_LIMITATIVE (abstain=False)
  Abstention type:       N/A
  Counter density:       1.0

[SETUP B - Treatment (counter_causality=ON)]
  Verdict:        plausible
  Net final:      0.23711919963904715
  Net pro:        0.8171877489405015
  Net contra:     0.5800685493014544
  Pro links:      2
  Contra links:   3
  Pro cogency:    0.6933340842141424
  Pro semantics:  0.8257441389381213
  Pro norm supp:  0.903660704987056
  Counter gate:   OPPOSING_LIMITATIVE (abstain=False)
  Abstention type:       N/A
  Counter density:       1.5

[DELTA (B - A)]
  Delta net final:              0.136206
  Delta net pro:                0.0
  Delta net contra:             -0.136206
  Delta pro links:              0
  Delta contra links:           1
  Delta pro cogency:            0.0
  Delta pro semantics:          0.0
  Delta pro norm support:       0.0
  Delta contra cogency:         -0.019
  Delta contra semantics:       0.034599
  Delta contra norm support:    0.032113
  Delta confidence:             0.136206
  Verdict A:                    uncertain
  Verdict B:                    plausible
  Verdict changed:              True
  Delta counter density:        0.5
  Abstention type A:            None
  Abstention type B:            None