[2026-03-05T14:07:24.161552] DoE Comparison Log
Claim: P5 - Furto in abitazione con effrazione notturna
Domain: PENALE
Replicate: R2
======================================================================

[SETUP A - Baseline (counter_causality=OFF)]
  Verdict:        plausible
  Net final:      0.4122425864317418
  Net pro:        0.7447387139203779
  Net contra:     0.33249612748863616
  Pro links:      4
  Contra links:   4
  Pro cogency:    0.6249050439343109
  Pro semantics:  0.6241148785823742
  Pro norm supp:  0.9250818429134307
  Counter gate:   OPPOSING_LIMITATIVE (abstain=False)
  Abstention type:       N/A
  Counter density:       1.0

[SETUP B - Treatment (counter_causality=ON)]
  Verdict:        plausible
  Net final:      0.5293853277425749
  Net pro:        0.7447387139203779
  Net contra:     0.21535338617780309
  Pro links:      4
  Contra links:   3
  Pro cogency:    0.6249050439343109
  Pro semantics:  0.6241148785823742
  Pro norm supp:  0.9250818429134307
  Counter gate:   OPPOSING_LIMITATIVE (abstain=False)
  Abstention type:       N/A
  Counter density:      0.75

[DELTA (B - A)]
  Delta net final:              0.117143
  Delta net pro:                0.0
  Delta net contra:             -0.117143
  Delta pro links:              0
  Delta contra links:           -1
  Delta pro cogency:            0.0
  Delta pro semantics:          0.0
  Delta pro norm support:       0.0
  Delta contra cogency:         -0.026094
  Delta contra semantics:       -0.099652
  Delta contra norm support:    0.038243
  Delta confidence:             0.117143
  Verdict A:                    plausible
  Verdict B:                    plausible
  Verdict changed:              False
  Delta counter density:        -0.25
  Abstention type A:            None
  Abstention type B:            None