[2026-03-07T18:04:29.970676] Pipeline log - Setup B
Claim: Un Comune avvia revoca di autorizzazione commerciale senza comunicazione di avvio al destinatario. Il privato afferma che avrebbe prodotto documenti decisivi su fatti tecnici controversi (verbali, cer
======================================================================
Status: ok
Duration: 801.1s

[SETTINGS]
{
  "counter_model": "gpt_oss_120b",
  "counter_temperature": 0.3,
  "llm_max_tokens": 8192,
  "counter_enable_causality": true,
  "counter_pass_causal_identity": true,
  "counter_pass_taxonomy_attacks": true,
  "counter_pass_norms": true
}

[REASONER]
  Chain steps: 8
  Arguments: 1
  Causal type: AMM_AUTOTUTELA_BALANCE

[COUNTER]
  Chain steps: 5
  Arguments: 1
  Abstained: False
  Planning mode: N/A

[EVALUATION]
  Verdict: plausible
  Net pro: 0.7636767489747555
  Net contra: 0.36374407270739495
  Net final: 0.3999326762673605
  Counter gate: label=OPPOSING_STRONG, abstain=False