[2026-03-04T14:09:19.657746] Pipeline log - Setup B
Claim: Un automobilista percorre un tratto con limite 90 km/h a circa 140 km/h, perde il controllo del veicolo e provoca un incidente mortale. Riferisce grave stato emotivo per complicazioni nel parto della 
======================================================================
Status: ok
Duration: 973.03s

[SETTINGS]
{
  "counter_model": "gpt_oss_120b",
  "counter_temperature": 0.3,
  "llm_max_tokens": 8192,
  "counter_enable_causality": true,
  "counter_pass_causal_identity": true,
  "counter_pass_taxonomy_attacks": true,
  "counter_pass_norms": true
}

[REASONER]
  Chain steps: 4
  Arguments: 1
  Causal type: PEN_INTERVENING

[COUNTER]
  Chain steps: 6
  Arguments: 1
  Abstained: False
  Planning mode: N/A

[EVALUATION]
  Verdict: uncertain
  Net pro: 0.7241371855466467
  Net contra: 0.631973610202778
  Net final: 0.09216357534386876
  Counter gate: label=OPPOSING_LIMITATIVE, abstain=False