[2026-03-06T21:01:40.173858] Pipeline log - Setup B
Claim: Un concessionario vende un'auto usata dichiarando 60.000 km; dopo l'acquisto una perizia tecnica rileva chilometraggio reale oltre 180.000 km e tracce di manomissione del quadro strumenti. Emergeno in
======================================================================
Status: ok
Duration: 1295.52s

[SETTINGS]
{
  "counter_model": "gpt_oss_120b",
  "counter_temperature": 0.3,
  "llm_max_tokens": 8192,
  "counter_enable_causality": true,
  "counter_pass_causal_identity": true,
  "counter_pass_taxonomy_attacks": true,
  "counter_pass_norms": true
}

[REASONER]
  Chain steps: 6
  Arguments: 1
  Causal type: MIXED_PEN_CIV_CONCURRENCE

[COUNTER]
  Chain steps: 6
  Arguments: 1
  Abstained: False
  Planning mode: N/A

[EVALUATION]
  Verdict: plausible
  Net pro: 0.7435665935245593
  Net contra: 0.5221432672110718
  Net final: 0.2214233263134875
  Counter gate: label=OPPOSING_LIMITATIVE, abstain=False