[2026-03-04T19:35:33.403790] DoE Comparison Log
Claim: P4 - Diffamazione aggravata via social
Domain: PENALE
Replicate: R2
======================================================================

[SETUP A - Baseline (counter_causality=OFF)]
  Verdict:        plausible
  Net final:      0.43410377849009657
  Net pro:        0.7363575583070459
  Net contra:     0.3022537798169493
  Pro links:      3
  Contra links:   2
  Pro cogency:    0.6036050164865113
  Pro semantics:  0.6287376423205049
  Pro norm supp:  0.916636901662352
  Counter gate:   OPPOSING_LIMITATIVE (abstain=False)
  Abstention type:       N/A
  Counter density:    0.6667

[SETUP B - Treatment (counter_causality=ON)]
  Verdict:        plausible
  Net final:      0.26001465076591906
  Net pro:        0.7363575583070459
  Net contra:     0.4763429075411268
  Pro links:      3
  Contra links:   2
  Pro cogency:    0.6036050164865113
  Pro semantics:  0.6287376423205049
  Pro norm supp:  0.916636901662352
  Counter gate:   OPPOSING_LIMITATIVE (abstain=False)
  Abstention type:       N/A
  Counter density:    0.6667

[DELTA (B - A)]
  Delta net final:              -0.174089
  Delta net pro:                0.0
  Delta net contra:             0.174089
  Delta pro links:              0
  Delta contra links:           0
  Delta pro cogency:            0.0
  Delta pro semantics:          0.0
  Delta pro norm support:       0.0
  Delta contra cogency:         0.068101
  Delta contra semantics:       0.166666
  Delta contra norm support:    0.074464
  Delta confidence:             -0.174089
  Verdict A:                    plausible
  Verdict B:                    plausible
  Verdict changed:              False
  Delta counter density:        0.0
  Abstention type A:            None
  Abstention type B:            None