[2026-03-03T13:28:40.493060] DoE Comparison Log
Claim: C5 - Clausola penale e riduzione equitativa
Domain: CIVILE
Replicate: R2
======================================================================

[SETUP A - Baseline (counter_causality=OFF)]
  Verdict:        plausible
  Net final:      0.5513022454884227
  Net pro:        0.7883260284258555
  Net contra:     0.23702378293743287
  Pro links:      4
  Contra links:   2
  Pro cogency:    0.6355921540156825
  Pro semantics:  0.6909410390748174
  Pro norm supp:  0.9759151762467639
  Counter gate:   OPPOSING_STRONG (abstain=False)
  Abstention type:       N/A
  Counter density:       0.5

[SETUP B - Treatment (counter_causality=ON)]
  Verdict:        plausible
  Net final:      0.4292068837351055
  Net pro:        0.7883260284258555
  Net contra:     0.35911914469075
  Pro links:      4
  Contra links:   1
  Pro cogency:    0.6355921540156825
  Pro semantics:  0.6909410390748174
  Pro norm supp:  0.9759151762467639
  Counter gate:   OPPOSING_STRONG (abstain=False)
  Abstention type:       N/A
  Counter density:      0.25

[DELTA (B - A)]
  Delta net final:              -0.122095
  Delta net pro:                0.0
  Delta net contra:             0.122095
  Delta pro links:              0
  Delta contra links:           -1
  Delta pro cogency:            0.0
  Delta pro semantics:          0.0
  Delta pro norm support:       0.0
  Delta contra cogency:         0.039007
  Delta contra semantics:       0.165075
  Delta contra norm support:    0.096339
  Delta confidence:             -0.122095
  Verdict A:                    plausible
  Verdict B:                    plausible
  Verdict changed:              False
  Delta counter density:        -0.25
  Abstention type A:            None
  Abstention type B:            None