[2026-03-02T20:34:34.145760] DoE Comparison Log
Claim: C4 - Caparra confirmatoria e doppio della caparra
Domain: CIVILE
Replicate: R3
======================================================================

[SETUP A - Baseline (counter_causality=OFF)]
  Verdict:        plausible
  Net final:      0.28604592410036556
  Net pro:        0.7257644885282938
  Net contra:     0.4397185644279282
  Pro links:      5
  Contra links:   1
  Pro cogency:    0.6068741564538345
  Pro semantics:  0.6152498702976189
  Pro norm supp:  0.8978182012571443
  Counter gate:   OPPOSING_LIMITATIVE (abstain=False)
  Abstention type:       N/A
  Counter density:       0.2

[SETUP B - Treatment (counter_causality=ON)]
  Verdict:        plausible
  Net final:      0.2381437009456308
  Net pro:        0.7257644885282938
  Net contra:     0.487620787582663
  Pro links:      5
  Contra links:   2
  Pro cogency:    0.6068741564538345
  Pro semantics:  0.6152498702976189
  Pro norm supp:  0.8978182012571443
  Counter gate:   OPPOSING_LIMITATIVE (abstain=False)
  Abstention type:       N/A
  Counter density:       0.4

[DELTA (B - A)]
  Delta net final:              -0.047902
  Delta net pro:                0.0
  Delta net contra:             0.047902
  Delta pro links:              0
  Delta contra links:           1
  Delta pro cogency:            0.0
  Delta pro semantics:          0.0
  Delta pro norm support:       0.0
  Delta contra cogency:         -0.04406
  Delta contra semantics:       0.029486
  Delta contra norm support:    0.0
  Delta confidence:             -0.047902
  Verdict A:                    plausible
  Verdict B:                    plausible
  Verdict changed:              False
  Delta counter density:        0.2
  Abstention type A:            None
  Abstention type B:            None