[2026-03-08T12:29:17.772780] DoE Comparison Log
Claim: A4 - Annullamento d'ufficio tardivo e affidamento
Domain: AMMINISTRATIVO
Replicate: R3
======================================================================

[SETUP A - Baseline (counter_causality=OFF)]
  Verdict:        plausible
  Net final:      0.2598753500973274
  Net pro:        0.7499441117791422
  Net contra:     0.49006876168181485
  Pro links:      6
  Contra links:   3
  Pro cogency:    0.6190088262527045
  Pro semantics:  0.7110297515353747
  Pro norm supp:  0.8773313461067964
  Counter gate:   OPPOSING_STRONG (abstain=False)
  Abstention type:       N/A
  Counter density:       0.5

[SETUP B - Treatment (counter_causality=ON)]
  Verdict:        plausible
  Net final:      0.7499441117791422
  Net pro:        0.7499441117791422
  Net contra:     0.0
  Pro links:      6
  Contra links:   0
  Pro cogency:    0.6190088262527045
  Pro semantics:  0.7110297515353747
  Pro norm supp:  0.8773313461067964
  Counter gate:   AGREEING (abstain=True)
  Abstention type:      gate
  Counter density:       0.0

[DELTA (B - A)]
  Delta net final:              0.490069
  Delta net pro:                0.0
  Delta net contra:             -0.490069
  Delta pro links:              0
  Delta contra links:           -3
  Delta pro cogency:            0.0
  Delta pro semantics:          0.0
  Delta pro norm support:       0.0
  Delta contra cogency:         -0.641058
  Delta contra semantics:       -0.661757
  Delta contra norm support:    -0.883056
  Delta confidence:             0.490069
  Verdict A:                    plausible
  Verdict B:                    plausible
  Verdict changed:              False
  Delta counter density:        -0.5
  Abstention type A:            None
  Abstention type B:            gate