[2026-03-05T15:49:51.928692] DoE Comparison Log
Claim: P6 - Lesioni colpose in cantiere e cooperazione nel delitto colposo
Domain: PENALE
Replicate: R1
======================================================================

[SETUP A - Baseline (counter_causality=OFF)]
  Verdict:        plausible
  Net final:      0.2769607487713376
  Net pro:        0.7209191564049389
  Net contra:     0.4439584076336013
  Pro links:      4
  Contra links:   2
  Pro cogency:    0.606854244819259
  Pro semantics:  0.6331792744352965
  Pro norm supp:  0.8722727515714304
  Counter gate:   OPPOSING_LIMITATIVE (abstain=False)
  Abstention type:       N/A
  Counter density:       0.5

[SETUP B - Treatment (counter_causality=ON)]
  Verdict:        plausible
  Net final:      0.24547367604742348
  Net pro:        0.7209191564049389
  Net contra:     0.4754454803575154
  Pro links:      4
  Contra links:   2
  Pro cogency:    0.606854244819259
  Pro semantics:  0.6331792744352965
  Pro norm supp:  0.8722727515714304
  Counter gate:   OPPOSING_LIMITATIVE (abstain=False)
  Abstention type:       N/A
  Counter density:       0.5

[DELTA (B - A)]
  Delta net final:              -0.031487
  Delta net pro:                0.0
  Delta net contra:             0.031487
  Delta pro links:              0
  Delta contra links:           0
  Delta pro cogency:            0.0
  Delta pro semantics:          0.0
  Delta pro norm support:       0.0
  Delta contra cogency:         -0.025454
  Delta contra semantics:       -0.015521
  Delta contra norm support:    0.221891
  Delta confidence:             -0.031487
  Verdict A:                    plausible
  Verdict B:                    plausible
  Verdict changed:              False
  Delta counter density:        0.0
  Abstention type A:            None
  Abstention type B:            None