[2026-03-06T18:16:01.055337] Pipeline log - Setup B
Claim: Un mediatore immobiliare riceve dal promissario acquirente una somma da trasferire al venditore a titolo di acconto, ma la trattiene per esigenze personali e comunica falsamente che il pagamento e' av
======================================================================
Status: ok
Duration: 1363.65s

[SETTINGS]
{
  "counter_model": "gpt_oss_120b",
  "counter_temperature": 0.3,
  "llm_max_tokens": 8192,
  "counter_enable_causality": true,
  "counter_pass_causal_identity": true,
  "counter_pass_taxonomy_attacks": true,
  "counter_pass_norms": true
}

[REASONER]
  Chain steps: 9
  Arguments: 1
  Causal type: MIXED_PEN_CIV_CONCURRENCE

[COUNTER]
  Chain steps: 6
  Arguments: 1
  Abstained: False
  Planning mode: N/A

[EVALUATION]
  Verdict: plausible
  Net pro: 0.7840166331984265
  Net contra: 0.3090523795606514
  Net final: 0.4749642536377751
  Counter gate: label=OPPOSING_LIMITATIVE, abstain=False