[2026-03-05T15:02:44.180468] Pipeline log - Setup B
Claim: Un soggetto entra di notte in un appartamento forzando una finestra e sottrae gioielli e denaro contante. Viene identificato tramite impronte sulla finestra e immagini delle telecamere condominiali. L
======================================================================
Status: ok
Duration: 1697.34s

[SETTINGS]
{
  "counter_model": "gpt_oss_120b",
  "counter_temperature": 0.3,
  "llm_max_tokens": 8192,
  "counter_enable_causality": true,
  "counter_pass_causal_identity": true,
  "counter_pass_taxonomy_attacks": true,
  "counter_pass_norms": true
}

[REASONER]
  Chain steps: 6
  Arguments: 1
  Causal type: PEN_PROPERTY_QUALIFICATION

[COUNTER]
  Chain steps: 4
  Arguments: 1
  Abstained: False
  Planning mode: N/A

[EVALUATION]
  Verdict: plausible
  Net pro: 0.7258519343059081
  Net contra: 0.35142177230286104
  Net final: 0.3744301620030471
  Counter gate: label=OPPOSING_LIMITATIVE, abstain=False