[2026-03-02T17:34:30.269027] DoE Comparison Log
Claim: C2 - Inadempimento contrattuale, eccezione di inadempimento e risoluzione
Domain: CIVILE
Replicate: R3
======================================================================

[SETUP A - Baseline (counter_causality=OFF)]
  Verdict:        plausible
  Net final:      0.4543160633132596
  Net pro:        0.7888940253126412
  Net contra:     0.3345779619993816
  Pro links:      6
  Contra links:   2
  Pro cogency:    0.6291288857391356
  Pro semantics:  0.6885932641947669
  Pro norm supp:  0.983943450831176
  Counter gate:   OPPOSING_LIMITATIVE (abstain=False)
  Abstention type:       N/A
  Counter density:    0.3333

[SETUP B - Treatment (counter_causality=ON)]
  Verdict:        plausible
  Net final:      0.41169716768258885
  Net pro:        0.7888940253126412
  Net contra:     0.37719685763005234
  Pro links:      6
  Contra links:   3
  Pro cogency:    0.6291288857391356
  Pro semantics:  0.6885932641947669
  Pro norm supp:  0.983943450831176
  Counter gate:   OPPOSING_LIMITATIVE (abstain=False)
  Abstention type:       N/A
  Counter density:       0.5

[DELTA (B - A)]
  Delta net final:              -0.042619
  Delta net pro:                0.0
  Delta net contra:             0.042619
  Delta pro links:              0
  Delta contra links:           1
  Delta pro cogency:            0.0
  Delta pro semantics:          0.0
  Delta pro norm support:       0.0
  Delta contra cogency:         0.032732
  Delta contra semantics:       0.143145
  Delta contra norm support:    0.0
  Delta confidence:             -0.042619
  Verdict A:                    plausible
  Verdict B:                    plausible
  Verdict changed:              False
  Delta counter density:        0.1667
  Abstention type A:            None
  Abstention type B:            None