[2026-03-02T14:24:50.663095] DoE Comparison Log
Claim: C1 - Vizi della cosa venduta e danni da fermo produzione
Domain: CIVILE
Replicate: R1
======================================================================

[SETUP A - Baseline (counter_causality=OFF)]
  Verdict:        plausible
  Net final:      0.34465697751102
  Net pro:        0.7763524942222012
  Net contra:     0.4316955167111812
  Pro links:      6
  Contra links:   4
  Pro cogency:    0.6040596541771946
  Pro semantics:  0.671857392121908
  Pro norm supp:  0.983943450831176
  Counter gate:   OPPOSING_LIMITATIVE (abstain=False)
  Abstention type:       N/A
  Counter density:    0.6667

[SETUP B - Treatment (counter_causality=ON)]
  Verdict:        plausible
  Net final:      0.3698228774172728
  Net pro:        0.7763524942222012
  Net contra:     0.4065296168049284
  Pro links:      6
  Contra links:   3
  Pro cogency:    0.6040596541771946
  Pro semantics:  0.671857392121908
  Pro norm supp:  0.983943450831176
  Counter gate:   OPPOSING_LIMITATIVE (abstain=False)
  Abstention type:       N/A
  Counter density:       0.5

[DELTA (B - A)]
  Delta net final:              0.025166
  Delta net pro:                0.0
  Delta net contra:             -0.025166
  Delta pro links:              0
  Delta contra links:           -1
  Delta pro cogency:            0.0
  Delta pro semantics:          0.0
  Delta pro norm support:       0.0
  Delta contra cogency:         -0.029414
  Delta contra semantics:       0.019595
  Delta contra norm support:    0.024085
  Delta confidence:             0.025166
  Verdict A:                    plausible
  Verdict B:                    plausible
  Verdict changed:              False
  Delta counter density:        -0.1667
  Abstention type A:            None
  Abstention type B:            None