[2026-03-06T18:16:01.227832] DoE Comparison Log
Claim: M3 - Mediatore che trattiene somme ricevute per conto del cliente
Domain: MIXED
Replicate: R1
======================================================================

[SETUP A - Baseline (counter_causality=OFF)]
  Verdict:        plausible
  Net final:      0.4651191155311719
  Net pro:        0.7840166331984265
  Net contra:     0.3188975176672546
  Pro links:      7
  Contra links:   2
  Pro cogency:    0.6301693930967668
  Pro semantics:  0.7105013658862533
  Pro norm supp:  0.9545385137588013
  Counter gate:   OPPOSING_STRONG (abstain=False)
  Abstention type:       N/A
  Counter density:    0.2857

[SETUP B - Treatment (counter_causality=ON)]
  Verdict:        plausible
  Net final:      0.4749642536377751
  Net pro:        0.7840166331984265
  Net contra:     0.3090523795606514
  Pro links:      7
  Contra links:   4
  Pro cogency:    0.6301693930967668
  Pro semantics:  0.7105013658862533
  Pro norm supp:  0.9545385137588013
  Counter gate:   OPPOSING_LIMITATIVE (abstain=False)
  Abstention type:       N/A
  Counter density:    0.5714

[DELTA (B - A)]
  Delta net final:              0.009845
  Delta net pro:                0.0
  Delta net contra:             -0.009845
  Delta pro links:              0
  Delta contra links:           2
  Delta pro cogency:            0.0
  Delta pro semantics:          0.0
  Delta pro norm support:       0.0
  Delta contra cogency:         -0.035462
  Delta contra semantics:       -0.050543
  Delta contra norm support:    0.094164
  Delta confidence:             0.009845
  Verdict A:                    plausible
  Verdict B:                    plausible
  Verdict changed:              False
  Delta counter density:        0.2857
  Abstention type A:            None
  Abstention type B:            None