[2026-03-06T20:17:44.227734] DoE Comparison Log
Claim: M3 - Mediatore che trattiene somme ricevute per conto del cliente
Domain: MIXED
Replicate: R3
======================================================================

[SETUP A - Baseline (counter_causality=OFF)]
  Verdict:        plausible
  Net final:      0.27110295593759703
  Net pro:        0.7726191291208508
  Net contra:     0.5015161731832538
  Pro links:      2
  Contra links:   2
  Pro cogency:    0.6279790031099093
  Pro semantics:  0.6783109573015562
  Pro norm supp:  0.951830352493528
  Counter gate:   OPPOSING_LIMITATIVE (abstain=False)
  Abstention type:       N/A
  Counter density:       1.0

[SETUP B - Treatment (counter_causality=ON)]
  Verdict:        plausible
  Net final:      0.35818327056826577
  Net pro:        0.7726191291208508
  Net contra:     0.4144358585525851
  Pro links:      2
  Contra links:   2
  Pro cogency:    0.6279790031099093
  Pro semantics:  0.6783109573015562
  Pro norm supp:  0.951830352493528
  Counter gate:   OPPOSING_STRONG (abstain=False)
  Abstention type:       N/A
  Counter density:       1.0

[DELTA (B - A)]
  Delta net final:              0.08708
  Delta net pro:                0.0
  Delta net contra:             -0.08708
  Delta pro links:              0
  Delta contra links:           0
  Delta pro cogency:            0.0
  Delta pro semantics:          0.0
  Delta pro norm support:       0.0
  Delta contra cogency:         -0.093722
  Delta contra semantics:       -0.116601
  Delta contra norm support:    0.062776
  Delta confidence:             0.08708
  Verdict A:                    plausible
  Verdict B:                    plausible
  Verdict changed:              False
  Delta counter density:        0.0
  Abstention type A:            None
  Abstention type B:            None