[2026-03-06T15:08:57.426229] Pipeline log - Setup B
Claim: Un venditore online incassa 6.000 euro per un macchinario dichiarato funzionante, ma consegna un bene inutilizzabile e con componenti mancanti. Dalle chat emerge che il venditore conosceva da settiman
======================================================================
Status: ok
Duration: 1681.07s

[SETTINGS]
{
  "counter_model": "gpt_oss_120b",
  "counter_temperature": 0.3,
  "llm_max_tokens": 8192,
  "counter_enable_causality": true,
  "counter_pass_causal_identity": true,
  "counter_pass_taxonomy_attacks": true,
  "counter_pass_norms": true
}

[REASONER]
  Chain steps: 8
  Arguments: 1
  Causal type: MIXED_PEN_CIV_CONCURRENCE

[COUNTER]
  Chain steps: 6
  Arguments: 1
  Abstained: False
  Planning mode: N/A

[EVALUATION]
  Verdict: plausible
  Net pro: 0.7471492777989265
  Net contra: 0.5299138399600251
  Net final: 0.21723543783890142
  Counter gate: label=OPPOSING_LIMITATIVE, abstain=False