[2026-03-07T22:08:39.148731] DoE Comparison Log
Claim: A3 - Ritardo procedimentale e conseguenze patrimoniali
Domain: AMMINISTRATIVO
Replicate: R3
======================================================================

[SETUP A - Baseline (counter_causality=OFF)]
  Verdict:        plausible
  Net final:      0.42037217061398796
  Net pro:        0.7466468814298914
  Net contra:     0.3262747108159035
  Pro links:      6
  Contra links:   3
  Pro cogency:    0.6437252919339261
  Pro semantics:  0.7264137857982176
  Pro norm supp:  0.8390128952756205
  Counter gate:   OPPOSING_LIMITATIVE (abstain=False)
  Abstention type:       N/A
  Counter density:       0.5

[SETUP B - Treatment (counter_causality=ON)]
  Verdict:        plausible
  Net final:      0.29539079698602494
  Net pro:        0.7467551018532462
  Net contra:     0.4513643048672213
  Pro links:      6
  Contra links:   2
  Pro cogency:    0.6438679786406595
  Pro semantics:  0.7266318338360006
  Pro norm supp:  0.8390128952756205
  Counter gate:   OPPOSING_LIMITATIVE (abstain=False)
  Abstention type:       N/A
  Counter density:    0.3333

[DELTA (B - A)]
  Delta net final:              -0.124981
  Delta net pro:                0.000108
  Delta net contra:             0.12509
  Delta pro links:              0
  Delta contra links:           -1
  Delta pro cogency:            0.000143
  Delta pro semantics:          0.000218
  Delta pro norm support:       0.0
  Delta contra cogency:         -0.002693
  Delta contra semantics:       -0.005389
  Delta contra norm support:    0.155338
  Delta confidence:             -0.124981
  Verdict A:                    plausible
  Verdict B:                    plausible
  Verdict changed:              False
  Delta counter density:        -0.1667
  Abstention type A:            None
  Abstention type B:            None