[2026-03-05T16:26:12.928058] DoE Comparison Log
Claim: P6 - Lesioni colpose in cantiere e cooperazione nel delitto colposo
Domain: PENALE
Replicate: R2
======================================================================

[SETUP A - Baseline (counter_causality=OFF)]
  Verdict:        plausible
  Net final:      0.4227873830186927
  Net pro:        0.7749828987595518
  Net contra:     0.35219551574085917
  Pro links:      7
  Contra links:   2
  Pro cogency:    0.6360714811551575
  Pro semantics:  0.67448682969828
  Pro norm supp:  0.9545385137588013
  Counter gate:   OPPOSING_LIMITATIVE (abstain=False)
  Abstention type:       N/A
  Counter density:    0.2857

[SETUP B - Treatment (counter_causality=ON)]
  Verdict:        plausible
  Net final:      0.3877975434450181
  Net pro:        0.7749828987595518
  Net contra:     0.38718535531453374
  Pro links:      7
  Contra links:   3
  Pro cogency:    0.6360714811551575
  Pro semantics:  0.67448682969828
  Pro norm supp:  0.9545385137588013
  Counter gate:   OPPOSING_LIMITATIVE (abstain=False)
  Abstention type:       N/A
  Counter density:    0.4286

[DELTA (B - A)]
  Delta net final:              -0.03499
  Delta net pro:                0.0
  Delta net contra:             0.03499
  Delta pro links:              0
  Delta contra links:           1
  Delta pro cogency:            0.0
  Delta pro semantics:          0.0
  Delta pro norm support:       0.0
  Delta contra cogency:         -0.044494
  Delta contra semantics:       0.049107
  Delta contra norm support:    0.038006
  Delta confidence:             -0.03499
  Verdict A:                    plausible
  Verdict B:                    plausible
  Verdict changed:              False
  Delta counter density:        0.1429
  Abstention type A:            None
  Abstention type B:            None