[2026-03-03T17:25:45.182519] DoE Comparison Log
Claim: P1 - Appropriazione indebita o infedele amministrazione
Domain: PENALE
Replicate: R1
======================================================================

[SETUP A - Baseline (counter_causality=OFF)]
  Verdict:        uncertain
  Net final:      0.09621795501958796
  Net pro:        0.6817744040730112
  Net contra:     0.5855564490534232
  Pro links:      2
  Contra links:   2
  Pro cogency:    0.6011807172597704
  Pro semantics:  0.6339221078841952
  Pro norm supp:  0.7781088913245535
  Counter gate:   OPPOSING_LIMITATIVE (abstain=False)
  Abstention type:       N/A
  Counter density:       1.0

[SETUP B - Treatment (counter_causality=ON)]
  Verdict:        uncertain
  Net final:      0.030070390741250952
  Net pro:        0.6817744040730112
  Net contra:     0.6517040133317602
  Pro links:      2
  Contra links:   2
  Pro cogency:    0.6011807172597704
  Pro semantics:  0.6339221078841952
  Pro norm supp:  0.7781088913245535
  Counter gate:   OPPOSING_LIMITATIVE (abstain=False)
  Abstention type:       N/A
  Counter density:       1.0

[DELTA (B - A)]
  Delta net final:              -0.066148
  Delta net pro:                0.0
  Delta net contra:             0.066148
  Delta pro links:              0
  Delta contra links:           0
  Delta pro cogency:            0.0
  Delta pro semantics:          0.0
  Delta pro norm support:       0.0
  Delta contra cogency:         0.048828
  Delta contra semantics:       0.07618
  Delta contra norm support:    0.062776
  Delta confidence:             -0.066148
  Verdict A:                    uncertain
  Verdict B:                    uncertain
  Verdict changed:              False
  Delta counter density:        0.0
  Abstention type A:            None
  Abstention type B:            None