[2026-03-08T17:15:48.664211] Pipeline log - Setup B
Claim: Un ente revoca un precedente atto favorevole per sopravvenuta riorganizzazione del servizio, imponendo cessazione immediata dell'attivita autorizzata. Il destinatario aveva gia sostenuto investimenti 
======================================================================
Status: ok
Duration: 1593.31s

[SETTINGS]
{
  "counter_model": "gpt_oss_120b",
  "counter_temperature": 0.3,
  "llm_max_tokens": 8192,
  "counter_enable_causality": true,
  "counter_pass_causal_identity": true,
  "counter_pass_taxonomy_attacks": true,
  "counter_pass_norms": true
}

[REASONER]
  Chain steps: 4
  Arguments: 1
  Causal type: AMM_AUTOTUTELA_BALANCE

[COUNTER]
  Chain steps: 3
  Arguments: 1
  Abstained: False
  Planning mode: N/A

[EVALUATION]
  Verdict: plausible
  Net pro: 0.7295628786534955
  Net contra: 0.2893004776829333
  Net final: 0.44026240097056213
  Counter gate: label=OPPOSING_LIMITATIVE, abstain=False