[2026-03-08T18:32:45.692448] DoE Comparison Log
Claim: A6 - Inerzia amministrativa e potere sostitutivo
Domain: AMMINISTRATIVO
Replicate: R2
======================================================================

[SETUP A - Baseline (counter_causality=OFF)]
  Verdict:        plausible
  Net final:      0.41980155155565285
  Net pro:        0.7484575808460349
  Net contra:     0.328656029290382
  Pro links:      3
  Contra links:   3
  Pro cogency:    0.614953539731081
  Pro semantics:  0.6893891942058988
  Pro norm supp:  0.8928869016623521
  Counter gate:   OPPOSING_LIMITATIVE (abstain=False)
  Abstention type:       N/A
  Counter density:       1.0

[SETUP B - Treatment (counter_causality=ON)]
  Verdict:        uncertain
  Net final:      0.16852978336321778
  Net pro:        0.7484575808460349
  Net contra:     0.5799277974828171
  Pro links:      3
  Contra links:   3
  Pro cogency:    0.614953539731081
  Pro semantics:  0.6893891942058988
  Pro norm supp:  0.8928869016623521
  Counter gate:   OPPOSING_LIMITATIVE (abstain=False)
  Abstention type:       N/A
  Counter density:       1.0

[DELTA (B - A)]
  Delta net final:              -0.251272
  Delta net pro:                0.0
  Delta net contra:             0.251272
  Delta pro links:              0
  Delta contra links:           0
  Delta pro cogency:            0.0
  Delta pro semantics:          0.0
  Delta pro norm support:       0.0
  Delta contra cogency:         0.03597
  Delta contra semantics:       0.016652
  Delta contra norm support:    0.106899
  Delta confidence:             -0.251272
  Verdict A:                    plausible
  Verdict B:                    uncertain
  Verdict changed:              True
  Delta counter density:        0.0
  Abstention type A:            None
  Abstention type B:            None