[2026-03-04T19:35:33.398201] Pipeline log - Setup B
Claim: Un ex dipendente pubblica su un social network un post con accuse dettagliate verso l'ex datore (evasione fiscale, sfruttamento, mobbing), ottenendo ampia diffusione e ricondivisioni. Il datore propon
======================================================================
Status: ok
Duration: 1485.79s

[SETTINGS]
{
  "counter_model": "gpt_oss_120b",
  "counter_temperature": 0.3,
  "llm_max_tokens": 8192,
  "counter_enable_causality": true,
  "counter_pass_causal_identity": true,
  "counter_pass_taxonomy_attacks": true,
  "counter_pass_norms": true
}

[REASONER]
  Chain steps: 5
  Arguments: 1
  Causal type: PEN_RIGHTS_BALANCING

[COUNTER]
  Chain steps: 4
  Arguments: 1
  Abstained: False
  Planning mode: N/A

[EVALUATION]
  Verdict: plausible
  Net pro: 0.7363575583070459
  Net contra: 0.4763429075411268
  Net final: 0.26001465076591906
  Counter gate: label=OPPOSING_LIMITATIVE, abstain=False