[2026-03-04T18:52:22.639300] Pipeline log - Setup B
Claim: Un ex dipendente pubblica su un social network un post con accuse dettagliate verso l'ex datore (evasione fiscale, sfruttamento, mobbing), ottenendo ampia diffusione e ricondivisioni. Il datore propon
======================================================================
Status: ok
Duration: 1676.38s

[SETTINGS]
{
  "counter_model": "gpt_oss_120b",
  "counter_temperature": 0.3,
  "llm_max_tokens": 8192,
  "counter_enable_causality": true,
  "counter_pass_causal_identity": true,
  "counter_pass_taxonomy_attacks": true,
  "counter_pass_norms": true
}

[REASONER]
  Chain steps: 7
  Arguments: 1
  Causal type: PEN_RIGHTS_BALANCING

[COUNTER]
  Chain steps: 4
  Arguments: 1
  Abstained: False
  Planning mode: N/A

[EVALUATION]
  Verdict: plausible
  Net pro: 0.7323781828968473
  Net contra: 0.5043669860773946
  Net final: 0.2280111968194527
  Counter gate: label=OPPOSING_LIMITATIVE, abstain=False