[2026-03-05T15:02:44.182472] DoE Comparison Log
Claim: P5 - Furto in abitazione con effrazione notturna
Domain: PENALE
Replicate: R3
======================================================================

[SETUP A - Baseline (counter_causality=OFF)]
  Verdict:        plausible
  Net final:      0.41222523062913985
  Net pro:        0.7258519343059081
  Net contra:     0.31362670367676826
  Pro links:      4
  Contra links:   3
  Pro cogency:    0.6301435960812882
  Pro semantics:  0.6662432211635544
  Pro norm supp:  0.8423397228311384
  Counter gate:   OPPOSING_LIMITATIVE (abstain=False)
  Abstention type:       N/A
  Counter density:      0.75

[SETUP B - Treatment (counter_causality=ON)]
  Verdict:        plausible
  Net final:      0.3744301620030471
  Net pro:        0.7258519343059081
  Net contra:     0.35142177230286104
  Pro links:      4
  Contra links:   3
  Pro cogency:    0.6301435960812882
  Pro semantics:  0.6662432211635544
  Pro norm supp:  0.8423397228311384
  Counter gate:   OPPOSING_LIMITATIVE (abstain=False)
  Abstention type:       N/A
  Counter density:      0.75

[DELTA (B - A)]
  Delta net final:              -0.037795
  Delta net pro:                0.0
  Delta net contra:             0.037795
  Delta pro links:              0
  Delta contra links:           0
  Delta pro cogency:            0.0
  Delta pro semantics:          0.0
  Delta pro norm support:       0.0
  Delta contra cogency:         0.013969
  Delta contra semantics:       0.04821
  Delta contra norm support:    -0.006776
  Delta confidence:             -0.037795
  Verdict A:                    plausible
  Verdict B:                    plausible
  Verdict changed:              False
  Delta counter density:        0.0
  Abstention type A:            None
  Abstention type B:            None