[2026-03-02T16:58:52.434204] DoE Comparison Log
Claim: C2 - Inadempimento contrattuale, eccezione di inadempimento e risoluzione
Domain: CIVILE
Replicate: R2
======================================================================

[SETUP A - Baseline (counter_causality=OFF)]
  Verdict:        plausible
  Net final:      0.38416546376680927
  Net pro:        0.7525588880052206
  Net contra:     0.36839342423841137
  Pro links:      6
  Contra links:   2
  Pro cogency:    0.6066019324419529
  Pro semantics:  0.6334590517255485
  Pro norm supp:  0.9513514818874255
  Counter gate:   OPPOSING_LIMITATIVE (abstain=False)
  Abstention type:       N/A
  Counter density:    0.3333

[SETUP B - Treatment (counter_causality=ON)]
  Verdict:        plausible
  Net final:      0.3456532467908693
  Net pro:        0.7525588880052206
  Net contra:     0.40690564121435135
  Pro links:      6
  Contra links:   3
  Pro cogency:    0.6066019324419529
  Pro semantics:  0.6334590517255485
  Pro norm supp:  0.9513514818874255
  Counter gate:   OPPOSING_LIMITATIVE (abstain=False)
  Abstention type:       N/A
  Counter density:       0.5

[DELTA (B - A)]
  Delta net final:              -0.038512
  Delta net pro:                0.0
  Delta net contra:             0.038512
  Delta pro links:              0
  Delta contra links:           1
  Delta pro cogency:            0.0
  Delta pro semantics:          0.0
  Delta pro norm support:       0.0
  Delta contra cogency:         -0.007481
  Delta contra semantics:       0.022141
  Delta contra norm support:    -0.032113
  Delta confidence:             -0.038512
  Verdict A:                    plausible
  Verdict B:                    plausible
  Verdict changed:              False
  Delta counter density:        0.1667
  Abstention type A:            None
  Abstention type B:            None