[2026-03-07T17:29:08.387127] DoE Comparison Log
Claim: A1 - Omissione comunicazione di avvio e partecipazione procedimentale
Domain: AMMINISTRATIVO
Replicate: R2
======================================================================

[SETUP A - Baseline (counter_causality=OFF)]
  Verdict:        plausible
  Net final:      0.39330761681074144
  Net pro:        0.7577429537891759
  Net contra:     0.36443533697843444
  Pro links:      6
  Contra links:   3
  Pro cogency:    0.6212820545095652
  Pro semantics:  0.7251332230118613
  Pro norm supp:  0.8845459263318699
  Counter gate:   OPPOSING_STRONG (abstain=False)
  Abstention type:       N/A
  Counter density:       0.5

[SETUP B - Treatment (counter_causality=ON)]
  Verdict:        plausible
  Net final:      0.7577429537891759
  Net pro:        0.7577429537891759
  Net contra:     0.0
  Pro links:      6
  Contra links:   0
  Pro cogency:    0.6212820545095652
  Pro semantics:  0.7251332230118613
  Pro norm supp:  0.8845459263318699
  Counter gate:   ALREADY_ABSTAINED (abstain=True)
  Abstention type:  reasoned
  Counter density:       0.0

[DELTA (B - A)]
  Delta net final:              0.364435
  Delta net pro:                0.0
  Delta net contra:             -0.364435
  Delta pro links:              0
  Delta contra links:           -3
  Delta pro cogency:            0.0
  Delta pro semantics:          0.0
  Delta pro norm support:       0.0
  Delta contra cogency:         -0.613354
  Delta contra semantics:       -0.664446
  Delta contra norm support:    -0.801498
  Delta confidence:             0.364435
  Verdict A:                    plausible
  Verdict B:                    plausible
  Verdict changed:              False
  Delta counter density:        -0.5
  Abstention type A:            None
  Abstention type B:            reasoned