[2026-03-06T16:41:07.835303] DoE Comparison Log
Claim: M2 - Amministratore di condominio: distrazione fondi e responsabilita risarcitoria
Domain: MIXED
Replicate: R2
======================================================================

[SETUP A - Baseline (counter_causality=OFF)]
  Verdict:        plausible
  Net final:      0.35276997574980595
  Net pro:        0.7840657741589491
  Net contra:     0.4312957984091431
  Pro links:      5
  Contra links:   2
  Pro cogency:    0.6281425426325575
  Pro semantics:  0.7369381455475101
  Pro norm supp:  0.9363539192623218
  Counter gate:   OPPOSING_LIMITATIVE (abstain=False)
  Abstention type:       N/A
  Counter density:       0.4

[SETUP B - Treatment (counter_causality=ON)]
  Verdict:        plausible
  Net final:      0.2530122113048052
  Net pro:        0.7840657741589491
  Net contra:     0.5310535628541438
  Pro links:      5
  Contra links:   3
  Pro cogency:    0.6281425426325575
  Pro semantics:  0.7369381455475101
  Pro norm supp:  0.9363539192623218
  Counter gate:   OPPOSING_LIMITATIVE (abstain=False)
  Abstention type:       N/A
  Counter density:       0.6

[DELTA (B - A)]
  Delta net final:              -0.099758
  Delta net pro:                0.0
  Delta net contra:             0.099758
  Delta pro links:              0
  Delta contra links:           1
  Delta pro cogency:            0.0
  Delta pro semantics:          0.0
  Delta pro norm support:       0.0
  Delta contra cogency:         0.008378
  Delta contra semantics:       0.013238
  Delta contra norm support:    0.064226
  Delta confidence:             -0.099758
  Verdict A:                    plausible
  Verdict B:                    plausible
  Verdict changed:              False
  Delta counter density:        0.2
  Abstention type A:            None
  Abstention type B:            None