[2026-03-04T17:03:42.933898] DoE Comparison Log
Claim: P3 - Violenza privata vs esercizio arbitrario delle proprie ragioni
Domain: PENALE
Replicate: R2
======================================================================

[SETUP A - Baseline (counter_causality=OFF)]
  Verdict:        plausible
  Net final:      0.570487963228248
  Net pro:        0.7483050967422835
  Net contra:     0.17781713351403552
  Pro links:      8
  Contra links:   3
  Pro cogency:    0.627788444709436
  Pro semantics:  0.6518522656061113
  Pro norm supp:  0.9110322091190485
  Counter gate:   OPPOSING_STRONG (abstain=False)
  Abstention type:       N/A
  Counter density:     0.375

[SETUP B - Treatment (counter_causality=ON)]
  Verdict:        plausible
  Net final:      0.4223280203609642
  Net pro:        0.7483050967422835
  Net contra:     0.32597707638131934
  Pro links:      8
  Contra links:   2
  Pro cogency:    0.627788444709436
  Pro semantics:  0.6518522656061113
  Pro norm supp:  0.9110322091190485
  Counter gate:   OPPOSING_LIMITATIVE (abstain=False)
  Abstention type:       N/A
  Counter density:      0.25

[DELTA (B - A)]
  Delta net final:              -0.14816
  Delta net pro:                0.0
  Delta net contra:             0.14816
  Delta pro links:              0
  Delta contra links:           -1
  Delta pro cogency:            0.0
  Delta pro semantics:          0.0
  Delta pro norm support:       0.0
  Delta contra cogency:         0.043862
  Delta contra semantics:       0.064531
  Delta contra norm support:    0.205204
  Delta confidence:             -0.14816
  Verdict A:                    plausible
  Verdict B:                    plausible
  Verdict changed:              False
  Delta counter density:        -0.125
  Abstention type A:            None
  Abstention type B:            None