[2026-03-02T18:13:47.865230] DoE Comparison Log
Claim: C3 - Responsabilita condominiale per infiltrazioni
Domain: CIVILE
Replicate: R1
======================================================================

[SETUP A - Baseline (counter_causality=OFF)]
  Verdict:        plausible
  Net final:      0.20943537386807076
  Net pro:        0.7562869057027664
  Net contra:     0.5468515318346956
  Pro links:      6
  Contra links:   2
  Pro cogency:    0.6166187679123571
  Pro semantics:  0.6768971144388267
  Pro norm supp:  0.9205803524935279
  Counter gate:   OPPOSING_STRONG (abstain=False)
  Abstention type:       N/A
  Counter density:    0.3333

[SETUP B - Treatment (counter_causality=ON)]
  Verdict:        uncertain
  Net final:      0.13951990578176676
  Net pro:        0.7594138618095272
  Net contra:     0.6198939560277604
  Pro links:      6
  Contra links:   2
  Pro cogency:    0.6168976356863833
  Pro semantics:  0.681485878131781
  Pro norm supp:  0.9247470191601946
  Counter gate:   OPPOSING_LIMITATIVE (abstain=False)
  Abstention type:       N/A
  Counter density:    0.3333

[DELTA (B - A)]
  Delta net final:              -0.069915
  Delta net pro:                0.003127
  Delta net contra:             0.073042
  Delta pro links:              0
  Delta contra links:           0
  Delta pro cogency:            0.000279
  Delta pro semantics:          0.004589
  Delta pro norm support:       0.004167
  Delta contra cogency:         0.027855
  Delta contra semantics:       0.075982
  Delta contra norm support:    -0.074464
  Delta confidence:             -0.069915
  Verdict A:                    plausible
  Verdict B:                    uncertain
  Verdict changed:              True
  Delta counter density:        0.0
  Abstention type A:            None
  Abstention type B:            None