[2026-03-04T18:05:24.870846] DoE Comparison Log
Claim: P3 - Violenza privata vs esercizio arbitrario delle proprie ragioni
Domain: PENALE
Replicate: R3
======================================================================

[SETUP A - Baseline (counter_causality=OFF)]
  Verdict:        plausible
  Net final:      0.28728043036838297
  Net pro:        0.7088400598822442
  Net contra:     0.4215596295138612
  Pro links:      4
  Contra links:   2
  Pro cogency:    0.5720884227411466
  Pro semantics:  0.6276814414377601
  Pro norm supp:  0.8722727515714304
  Counter gate:   OPPOSING_LIMITATIVE (abstain=False)
  Abstention type:       N/A
  Counter density:       0.5

[SETUP B - Treatment (counter_causality=ON)]
  Verdict:        plausible
  Net final:      0.2595823376844588
  Net pro:        0.7088400598822442
  Net contra:     0.44925772219778537
  Pro links:      4
  Contra links:   3
  Pro cogency:    0.5720884227411466
  Pro semantics:  0.6276814414377601
  Pro norm supp:  0.8722727515714304
  Counter gate:   OPPOSING_LIMITATIVE (abstain=False)
  Abstention type:       N/A
  Counter density:      0.75

[DELTA (B - A)]
  Delta net final:              -0.027698
  Delta net pro:                0.0
  Delta net contra:             0.027698
  Delta pro links:              0
  Delta contra links:           1
  Delta pro cogency:            0.0
  Delta pro semantics:          0.0
  Delta pro norm support:       0.0
  Delta contra cogency:         0.03453
  Delta contra semantics:       0.106362
  Delta contra norm support:    -0.065849
  Delta confidence:             -0.027698
  Verdict A:                    plausible
  Verdict B:                    plausible
  Verdict changed:              False
  Delta counter density:        0.25
  Abstention type A:            None
  Abstention type B:            None