[2026-03-03T14:05:06.608913] DoE Comparison Log
Claim: C5 - Clausola penale e riduzione equitativa
Domain: CIVILE
Replicate: R3
======================================================================

[SETUP A - Baseline (counter_causality=OFF)]
  Verdict:        plausible
  Net final:      0.3953081105571259
  Net pro:        0.7831685573863779
  Net contra:     0.387860446829252
  Pro links:      2
  Contra links:   4
  Pro cogency:    0.6087179396927338
  Pro semantics:  0.6685105849285258
  Pro norm supp:  1.0
  Counter gate:   OPPOSING_STRONG (abstain=False)
  Abstention type:       N/A
  Counter density:       2.0

[SETUP B - Treatment (counter_causality=ON)]
  Verdict:        plausible
  Net final:      0.35897361047276133
  Net pro:        0.7831685573863779
  Net contra:     0.4241949469136166
  Pro links:      2
  Contra links:   2
  Pro cogency:    0.6087179396927338
  Pro semantics:  0.6685105849285258
  Pro norm supp:  1.0
  Counter gate:   OPPOSING_LIMITATIVE (abstain=False)
  Abstention type:       N/A
  Counter density:       1.0

[DELTA (B - A)]
  Delta net final:              -0.036335
  Delta net pro:                0.0
  Delta net contra:             0.036335
  Delta pro links:              0
  Delta contra links:           -2
  Delta pro cogency:            0.0
  Delta pro semantics:          0.0
  Delta pro norm support:       0.0
  Delta contra cogency:         -0.076767
  Delta contra semantics:       -0.174261
  Delta contra norm support:    0.04817
  Delta confidence:             -0.036335
  Verdict A:                    plausible
  Verdict B:                    plausible
  Verdict changed:              False
  Delta counter density:        -1.0
  Abstention type A:            None
  Abstention type B:            None