[2026-03-04T14:09:19.693318] DoE Comparison Log
Claim: P2 - Omicidio stradale, colpa e urgenza familiare    #COUNTER IN NETTA DIFFICOLTA'
Domain: PENALE
Replicate: R2
======================================================================

[SETUP A - Baseline (counter_causality=OFF)]
  Verdict:        uncertain
  Net final:      0.06321660787939998
  Net pro:        0.7241371855466467
  Net contra:     0.6609205776672468
  Pro links:      2
  Contra links:   2
  Pro cogency:    0.6194318811401005
  Pro semantics:  0.6578416986879083
  Pro norm supp:  0.85238777899561
  Counter gate:   OPPOSING_LIMITATIVE (abstain=False)
  Abstention type:       N/A
  Counter density:       1.0

[SETUP B - Treatment (counter_causality=ON)]
  Verdict:        uncertain
  Net final:      0.09216357534386876
  Net pro:        0.7241371855466467
  Net contra:     0.631973610202778
  Pro links:      2
  Contra links:   4
  Pro cogency:    0.6194318811401005
  Pro semantics:  0.6578416986879083
  Pro norm supp:  0.85238777899561
  Counter gate:   OPPOSING_LIMITATIVE (abstain=False)
  Abstention type:       N/A
  Counter density:       2.0

[DELTA (B - A)]
  Delta net final:              0.028947
  Delta net pro:                0.0
  Delta net contra:             -0.028947
  Delta pro links:              0
  Delta contra links:           2
  Delta pro cogency:            0.0
  Delta pro semantics:          0.0
  Delta pro norm support:       0.0
  Delta contra cogency:         -0.031382
  Delta contra semantics:       0.056349
  Delta contra norm support:    0.058609
  Delta confidence:             0.028947
  Verdict A:                    uncertain
  Verdict B:                    uncertain
  Verdict changed:              False
  Delta counter density:        1.0
  Abstention type A:            None
  Abstention type B:            None