[2026-03-04T18:52:22.641817] DoE Comparison Log
Claim: P4 - Diffamazione aggravata via social
Domain: PENALE
Replicate: R1
======================================================================

[SETUP A - Baseline (counter_causality=OFF)]
  Verdict:        plausible
  Net final:      0.4507432711964998
  Net pro:        0.7323781828968473
  Net contra:     0.2816349117003475
  Pro links:      6
  Contra links:   2
  Pro cogency:    0.5975724276748876
  Pro semantics:  0.6238901805844431
  Pro norm supp:  0.9148485010476203
  Counter gate:   OPPOSING_LIMITATIVE (abstain=False)
  Abstention type:       N/A
  Counter density:    0.3333

[SETUP B - Treatment (counter_causality=ON)]
  Verdict:        plausible
  Net final:      0.2280111968194527
  Net pro:        0.7323781828968473
  Net contra:     0.5043669860773946
  Pro links:      6
  Contra links:   2
  Pro cogency:    0.5975724276748876
  Pro semantics:  0.6238901805844431
  Pro norm supp:  0.9148485010476203
  Counter gate:   OPPOSING_LIMITATIVE (abstain=False)
  Abstention type:       N/A
  Counter density:    0.3333

[DELTA (B - A)]
  Delta net final:              -0.222732
  Delta net pro:                0.0
  Delta net contra:             0.222732
  Delta pro links:              0
  Delta contra links:           0
  Delta pro cogency:            0.0
  Delta pro semantics:          0.0
  Delta pro norm support:       0.0
  Delta contra cogency:         0.032776
  Delta contra semantics:       0.175833
  Delta contra norm support:    0.096339
  Delta confidence:             -0.222732
  Verdict A:                    plausible
  Verdict B:                    plausible
  Verdict changed:              False
  Delta counter density:        0.0
  Abstention type A:            None
  Abstention type B:            None