[2026-03-05T17:21:07.444109] Pipeline log - Setup B
Claim: Durante lavori di ristrutturazione crolla un ponteggio e un operaio riporta lesioni gravi. Le verifiche indicano che il preposto non aveva imposto l'uso dei DPI e che un altro operaio aveva rimosso el
======================================================================
Status: ok
Duration: 1097.09s

[SETTINGS]
{
  "counter_model": "gpt_oss_120b",
  "counter_temperature": 0.3,
  "llm_max_tokens": 8192,
  "counter_enable_causality": true,
  "counter_pass_causal_identity": true,
  "counter_pass_taxonomy_attacks": true,
  "counter_pass_norms": true
}

[REASONER]
  Chain steps: 5
  Arguments: 1
  Causal type: PEN_INTERVENING

[COUNTER]
  Chain steps: 4
  Arguments: 1
  Abstained: False
  Planning mode: N/A

[EVALUATION]
  Verdict: uncertain
  Net pro: 0.7044175839873333
  Net contra: 0.5400507523365644
  Net final: 0.16436683165076893
  Counter gate: label=OPPOSING_LIMITATIVE, abstain=False