[2026-03-05T18:06:12.692114] Pipeline log - Setup B
Claim: Un venditore online incassa 6.000 euro per un macchinario dichiarato funzionante, ma consegna un bene inutilizzabile e con componenti mancanti. Dalle chat emerge che il venditore conosceva da settiman
======================================================================
Status: ok
Duration: 775.86s

[SETTINGS]
{
  "counter_model": "gpt_oss_120b",
  "counter_temperature": 0.3,
  "llm_max_tokens": 8192,
  "counter_enable_causality": true,
  "counter_pass_causal_identity": true,
  "counter_pass_taxonomy_attacks": true,
  "counter_pass_norms": true
}

[REASONER]
  Chain steps: 9
  Arguments: 1
  Causal type: MIXED_PEN_CIV_CONCURRENCE

[COUNTER]
  Chain steps: 0
  Arguments: 0
  Abstained: True
  Planning mode: N/A

[EVALUATION]
  Verdict: plausible
  Net pro: 0.7805860378178833
  Net contra: 0.0
  Net final: 0.7805860378178833
  Counter gate: label=ALREADY_ABSTAINED, abstain=True