[2026-03-02T19:34:59.111594] DoE Comparison Log
Claim: C4 - Caparra confirmatoria e doppio della caparra
Domain: CIVILE
Replicate: R1
======================================================================

[SETUP A - Baseline (counter_causality=OFF)]
  Verdict:        plausible
  Net final:      0.36023120171049944
  Net pro:        0.7550322789678087
  Net contra:     0.39480107725730923
  Pro links:      5
  Contra links:   2
  Pro cogency:    0.659646981148105
  Pro semantics:  0.6678263520416138
  Pro norm supp:  0.8919756975272326
  Counter gate:   OPPOSING_STRONG (abstain=False)
  Abstention type:       N/A
  Counter density:       0.4

[SETUP B - Treatment (counter_causality=ON)]
  Verdict:        plausible
  Net final:      0.21095588045320846
  Net pro:        0.7550322789678087
  Net contra:     0.5440763985146002
  Pro links:      5
  Contra links:   2
  Pro cogency:    0.659646981148105
  Pro semantics:  0.6678263520416138
  Pro norm supp:  0.8919756975272326
  Counter gate:   OPPOSING_LIMITATIVE (abstain=False)
  Abstention type:       N/A
  Counter density:       0.4

[DELTA (B - A)]
  Delta net final:              -0.149275
  Delta net pro:                0.0
  Delta net contra:             0.149275
  Delta pro links:              0
  Delta contra links:           0
  Delta pro cogency:            0.0
  Delta pro semantics:          0.0
  Delta pro norm support:       0.0
  Delta contra cogency:         0.067021
  Delta contra semantics:       0.049375
  Delta contra norm support:    0.04817
  Delta confidence:             -0.149275
  Verdict A:                    plausible
  Verdict B:                    plausible
  Verdict changed:              False
  Delta counter density:        0.0
  Abstention type A:            None
  Abstention type B:            None