[2026-03-07T11:52:46.418545] DoE Comparison Log
Claim: M4 - Vendita di veicolo con chilometraggio alterato
Domain: MIXED
Replicate: R3
======================================================================

[SETUP A - Baseline (counter_causality=OFF)]
  Verdict:        plausible
  Net final:      0.3935726514687382
  Net pro:        0.7488774191117782
  Net contra:     0.35530476764304
  Pro links:      5
  Contra links:   4
  Pro cogency:    0.5911583630351684
  Pro semantics:  0.5974568460075437
  Pro norm supp:  0.9807321409974111
  Counter gate:   OPPOSING_LIMITATIVE (abstain=False)
  Abstention type:       N/A
  Counter density:       0.8

[SETUP B - Treatment (counter_causality=ON)]
  Verdict:        plausible
  Net final:      0.253837039807566
  Net pro:        0.7488774191117782
  Net contra:     0.4950403793042122
  Pro links:      5
  Contra links:   3
  Pro cogency:    0.5911583630351684
  Pro semantics:  0.5974568460075437
  Pro norm supp:  0.9807321409974111
  Counter gate:   OPPOSING_LIMITATIVE (abstain=False)
  Abstention type:       N/A
  Counter density:       0.6

[DELTA (B - A)]
  Delta net final:              -0.139736
  Delta net pro:                0.0
  Delta net contra:             0.139736
  Delta pro links:              0
  Delta contra links:           -1
  Delta pro cogency:            0.0
  Delta pro semantics:          0.0
  Delta pro norm support:       0.0
  Delta contra cogency:         0.044561
  Delta contra semantics:       0.147514
  Delta contra norm support:    0.008028
  Delta confidence:             -0.139736
  Verdict A:                    plausible
  Verdict B:                    plausible
  Verdict changed:              False
  Delta counter density:        -0.2
  Abstention type A:            None
  Abstention type B:            None