[2026-03-04T17:03:42.931367] Pipeline log - Setup B
Claim: Dopo 7 mesi di morosita del conduttore, il proprietario entra nell'immobile con chiavi in suo possesso durante assenza dell'inquilino, sostituisce la serratura e trasferisce i beni mobili in un box. L
======================================================================
Status: ok
Duration: 1520.17s

[SETTINGS]
{
  "counter_model": "gpt_oss_120b",
  "counter_temperature": 0.3,
  "llm_max_tokens": 8192,
  "counter_enable_causality": true,
  "counter_pass_causal_identity": true,
  "counter_pass_taxonomy_attacks": true,
  "counter_pass_norms": true
}

[REASONER]
  Chain steps: 10
  Arguments: 1
  Causal type: PEN_RIGHTS_BALANCING

[COUNTER]
  Chain steps: 4
  Arguments: 1
  Abstained: False
  Planning mode: N/A

[EVALUATION]
  Verdict: plausible
  Net pro: 0.7483050967422835
  Net contra: 0.32597707638131934
  Net final: 0.4223280203609642
  Counter gate: label=OPPOSING_LIMITATIVE, abstain=False