[2026-03-08T17:15:48.664211] DoE Comparison Log
Claim: A5 - Revoca per sopravvenuti motivi e indennizzo
Domain: AMMINISTRATIVO
Replicate: R3
======================================================================

[SETUP A - Baseline (counter_causality=OFF)]
  Verdict:        plausible
  Net final:      0.4894456211347814
  Net pro:        0.7295628786534955
  Net contra:     0.24011725751871402
  Pro links:      3
  Contra links:   3
  Pro cogency:    0.6272015548754691
  Pro semantics:  0.7000390178367755
  Pro norm supp:  0.8284767670995552
  Counter gate:   OPPOSING_LIMITATIVE (abstain=False)
  Abstention type:       N/A
  Counter density:       1.0

[SETUP B - Treatment (counter_causality=ON)]
  Verdict:        plausible
  Net final:      0.44026240097056213
  Net pro:        0.7295628786534955
  Net contra:     0.2893004776829333
  Pro links:      3
  Contra links:   2
  Pro cogency:    0.6272015548754691
  Pro semantics:  0.7000390178367755
  Pro norm supp:  0.8284767670995552
  Counter gate:   OPPOSING_LIMITATIVE (abstain=False)
  Abstention type:       N/A
  Counter density:    0.6667

[DELTA (B - A)]
  Delta net final:              -0.049183
  Delta net pro:                0.0
  Delta net contra:             0.049183
  Delta pro links:              0
  Delta contra links:           -1
  Delta pro cogency:            0.0
  Delta pro semantics:          0.0
  Delta pro norm support:       0.0
  Delta contra cogency:         0.066673
  Delta contra semantics:       0.153238
  Delta contra norm support:    0.095084
  Delta confidence:             -0.049183
  Verdict A:                    plausible
  Verdict B:                    plausible
  Verdict changed:              False
  Delta counter density:        -0.3333
  Abstention type A:            None
  Abstention type B:            None